Archive member included       because of file (symbol)

/usr/local/openravenscar/lib/gcc-lib/sparc-ork-elf/2.8.1/adalib/libgnarl.a(a-reatim.o)
                              ./devices.o (ada__real_time__clock)
/usr/local/openravenscar/lib/gcc-lib/sparc-ork-elf/2.8.1/adalib/libgnarl.a(a-retide.o)
                              ./head_task.o (ada__real_time__delays__delay_until)
/usr/local/openravenscar/lib/gcc-lib/sparc-ork-elf/2.8.1/adalib/libgnarl.a(s-taprob.o)
                              ./symptoms_pkg.o (system__tasking__protected_objects__initialize_protection)
/usr/local/openravenscar/lib/gcc-lib/sparc-ork-elf/2.8.1/adalib/libgnarl.a(s-taprop.o)
                              /usr/local/openravenscar/lib/gcc-lib/sparc-ork-elf/2.8.1/adalib/libgnarl.a(a-retide.o) (system__task_primitives__operations__self)
/usr/local/openravenscar/lib/gcc-lib/sparc-ork-elf/2.8.1/adalib/libgnarl.a(s-tarest.o)
                              ./head_task.o (system__tasking__restricted__stages__create_restricted_task)
/usr/local/openravenscar/lib/gcc-lib/sparc-ork-elf/2.8.1/adalib/libgnarl.a(s-tasdeb.o)
                              b~main.o (system__tasking__debug___elabs)
/usr/local/openravenscar/lib/gcc-lib/sparc-ork-elf/2.8.1/adalib/libgnarl.a(s-taskin.o)
                              /usr/local/openravenscar/lib/gcc-lib/sparc-ork-elf/2.8.1/adalib/libgnarl.a(s-tasdeb.o) (system__tasking__task_statesT)
/usr/local/openravenscar/lib/gcc-lib/sparc-ork-elf/2.8.1/adalib/libgnarl.a(s-taspri.o)
                              /usr/local/openravenscar/lib/gcc-lib/sparc-ork-elf/2.8.1/adalib/libgnarl.a(s-taskin.o) (system__task_primitives___init_proc)
/usr/local/openravenscar/lib/gcc-lib/sparc-ork-elf/2.8.1/adalib/libgnarl.a(kernel-interrupts.o)
                              b~main.o (kernel__interrupts___elabb)
/usr/local/openravenscar/lib/gcc-lib/sparc-ork-elf/2.8.1/adalib/libgnarl.a(kernel-threads.o)
                              b~main.o (kernel__threads___elabs)
/usr/local/openravenscar/lib/gcc-lib/sparc-ork-elf/2.8.1/adalib/libgnarl.a(kernel-threads-atcb.o)
                              /usr/local/openravenscar/lib/gcc-lib/sparc-ork-elf/2.8.1/adalib/libgnarl.a(s-taprop.o) (kernel__threads__atcb__set_atcb)
/usr/local/openravenscar/lib/gcc-lib/sparc-ork-elf/2.8.1/adalib/libgnarl.a(kernel-threads-queues.o)
                              /usr/local/openravenscar/lib/gcc-lib/sparc-ork-elf/2.8.1/adalib/libgnarl.a(s-taprop.o) (running_thread)
/usr/local/openravenscar/lib/gcc-lib/sparc-ork-elf/2.8.1/adalib/libgnarl.a(kernel-threads-protection.o)
                              /usr/local/openravenscar/lib/gcc-lib/sparc-ork-elf/2.8.1/adalib/libgnarl.a(kernel-threads.o) (kernel__threads__protection__dispatch)
/usr/local/openravenscar/lib/gcc-lib/sparc-ork-elf/2.8.1/adalib/libgnarl.a(kernel-time.o)
                              /usr/local/openravenscar/lib/gcc-lib/sparc-ork-elf/2.8.1/adalib/libgnarl.a(s-taprop.o) (kernel_clock)
/usr/local/openravenscar/lib/gcc-lib/sparc-ork-elf/2.8.1/adalib/libgnarl.a(kernel-memory.o)
                              /usr/local/openravenscar/sparc-ork-elf/lib/ada_crt0.o (environment_stack)
/usr/local/openravenscar/lib/gcc-lib/sparc-ork-elf/2.8.1/adalib/libgnarl.a(kernel-cpu_primitives.o)
                              /usr/local/openravenscar/lib/gcc-lib/sparc-ork-elf/2.8.1/adalib/libgnarl.a(kernel-threads-protection.o) (kernel__cpu_primitives__context_switch)
/usr/local/openravenscar/lib/gcc-lib/sparc-ork-elf/2.8.1/adalib/libgnarl.a(kernel-peripherals-registers.o)
                              b~main.o (kernel__peripherals__registers___elabs)
/usr/local/openravenscar/lib/gcc-lib/sparc-ork-elf/2.8.1/adalib/libgnarl.a(kernel-peripherals.o)
                              /usr/local/openravenscar/lib/gcc-lib/sparc-ork-elf/2.8.1/adalib/libgnarl.a(kernel-interrupts.o) (kernel__peripherals__to_vector)
/usr/local/openravenscar/lib/gcc-lib/sparc-ork-elf/2.8.1/adalib/libgnarl.a(kernel-serial_output.o)
                              ./devices.o (kernel__serial_output__put__2)
/usr/local/openravenscar/lib/gcc-lib/sparc-ork-elf/2.8.1/adalib/libgnarl.a(context.o)
                              /usr/local/openravenscar/sparc-ork-elf/lib/ada_crt0.o (context_trap)
/usr/local/openravenscar/lib/gcc-lib/sparc-ork-elf/2.8.1/adalib/libgnarl.a(install_handler.o)
                              /usr/local/openravenscar/sparc-ork-elf/lib/ada_crt0.o (FP_Save_Pending)
/usr/local/openravenscar/lib/gcc-lib/sparc-ork-elf/2.8.1/adalib/libgnarl.a(int_level.o)
                              /usr/local/openravenscar/lib/gcc-lib/sparc-ork-elf/2.8.1/adalib/libgnarl.a(kernel-threads-protection.o) (disable_interrupts)
/usr/local/openravenscar/lib/gcc-lib/sparc-ork-elf/2.8.1/adalib/libgnat.a(a-except.o)
                              b~main.o (ada__exceptions___elabs)
/usr/local/openravenscar/lib/gcc-lib/sparc-ork-elf/2.8.1/adalib/libgnat.a(a-filico.o)
                              b~main.o (ada__finalization__list_controller___elabs)
[...]
Memory Configuration

Name             Origin             Length             Attributes
rom              0x00000000         0x00200000         xr
ram              0x02000000         0x003f8000         xrw
*default*        0x00000000         0xffffffff

Linker script and memory map

                0x00200000                PROM_SIZE=0x200000
                0x00400000                RAM_SIZE=0x400000
                0x00000000                PROM_START=0x0
                0x00200000                PROM_END=(PROM_START+PROM_SIZE)
                0x02000000                RAM_START=0x2000000
                0x02400000                RAM_END=(RAM_START+RAM_SIZE)

.text           0x02000000    0x32270
 CREATE_OBJECT_SYMBOLS
                0x02000000                text_start=.
 *(.text)
 .text          0x02000000     0x1384 /usr/local/openravenscar/sparc-ork-elf/lib/ada_crt0.o
                0x020011bc                __exit
                0x02000000                trap_table
                0x02000000                start
                0x020011bc                _exit
 .text          0x02001384      0x29c b~main.o
                0x02001608                ada_main___elabb
                0x02001384                adainit
                0x02001588                main
                0x0200156c                adafinal
 .text          0x02001620       0x1c ./main.o
                0x02001620                _ada_main
 .text          0x0200163c      0xd14 ./symptoms_pkg.o
                0x020016b4                symptoms_pkg__symptomsPT__write_head_symptomN
                0x02001794                symptoms_pkg__symptomsPT__write_distancia_imprudenteN
                0x02001a00                symptoms_pkg__symptomsPT__write_headpositionN
                0x02001c0c                symptoms_pkg__symptomsPT__read_headpositionP
                0x02002078                symptoms_pkg__symptomsPT__write_distancia_inseguraP
                0x02001d80                symptoms_pkg__symptomsPT__write_peligro_colisionP
                0x020021f4                symptoms_pkg__symptomsPT__write_head_symptomP
                0x0200163c                symptoms_pkg___init_proc
                0x02001698                symptoms_pkg___elabs
                0x02001874                symptoms_pkg__symptomsPT__read_headpositionN
                0x02001804                symptoms_pkg__symptomsPT__write_peligro_colisionN
                0x02001724                symptoms_pkg__symptomsPT__write_distancia_inseguraN
                0x02001efc                symptoms_pkg__symptomsPT__write_distancia_imprudenteP
                0x02002338                symptoms_pkg___elabb
                0x02001aa0                symptoms_pkg__symptomsPT__write_headpositionP
 .text          0x02002350      0xb08 ./measures_pkg.o
                0x02002404                measures_pkg__measuresPT__write_distanceN
                0x02002a18                measures_pkg__measuresPT__show_distanceP
                0x020024f0                measures_pkg__measuresPT__write_speedN
                0x02002cf0                measures_pkg__measuresPT__read_distanceP
                0x020025b8                measures_pkg__measuresPT__show_speedP
                0x02002b84                measures_pkg__measuresPT__write_distanceP
                0x02002350                measures_pkg___init_proc
                0x0200244c                measures_pkg__measuresPT__show_distanceN
                0x02002494                measures_pkg__measuresPT__read_speedN
                0x02002e40                measures_pkg___elabb
                0x02002890                measures_pkg__measuresPT__read_speedP
                0x02002538                measures_pkg__measuresPT__show_speedN
                0x020023a8                measures_pkg__measuresPT__read_distanceN
                0x0200238c                measures_pkg___elabs
                0x02002724                measures_pkg__measuresPT__write_speedP
 .text          0x02002e58     0x50d8 ./devices.o
                0x020064b4                devices___init_proc__6
                0x02007164                devices__display_distance
                0x0200740c                devices__display_electrodes_sample
                0x02002ff4                devices__reading_sensors
                0x02004d94                devices__reading_speed
                0x02007320                devices__display_headposition_sample
                0x0200728c                devices__display_steering
                0x02005900                devices___init_proc__5
                0x02002f94                devices___init_proc
                0x02004168                devices___init_proc__3
                0x02007b84                devices(bool,...)(...)( *)
                0x02003604                devices__reading_eyesimage
                0x020071f8                devices__display_speed
                0x02007eb8                devices___elabb
                0x02007e5c                devices__activate_brake
                0x02006514                devices__reading_steering
                0x02007724                devices__display_cronometro
                0x02007a9c                devices__light
                0x02004d34                devices___init_proc__4
                0x02005960                devices__reading_headposition
                0x020041c8                devices__reading_distance
                0x02007e00                devices__activate_automatic_driving
                0x020035a4                devices___init_proc__2
                0x02002e58                devices___elabs
                0x020074f8                devices__display_eyes_sample
                0x02007080                devices__display_pulse_rate
 .text          0x02007f30      0x9a8 ./workload.o
                0x02007f30                workload___elabs
                0x02008330                workload__small_whetstone
                0x020088c0                workload___elabb
 .text          0x020088d8      0x848 ./tools.o
                0x020090f0                tools___elabb
                0x0200907c                tools__execution_time
                0x02008fcc                tools__finishing_notice
                0x02008f1c                tools__starting_notice
                0x020088d8                tools___elabs
                0x02008bc4                tools__print_an_integer
                0x02008d7c                tools__print_a_float
                0x02008924                tools__current_time
 .text          0x02009120      0x5a4 ./head_task.o
                0x020092c0                head_task__headTKB
                0x020091e4                head_task___elabs
                0x02009120                head_task___init_proc
                0x02009690                head_task___elabb
 .text          0x020096c4      0x63c ./distance_task.o
                0x020096c4                distance_task___init_proc
                0x02009788                distance_task___elabs
                0x020098b4                distance_task__distanceTKB
                0x02009ccc                distance_task___elabb
 .text          0x02009d00      0x430 ./display_task.o
                0x02009d00                display_task___init_proc
                0x0200a0fc                display_task___elabb
                0x02009edc                display_task__displayTKB
                0x02009dc4                display_task___elabs
 .text          0x0200a130       0xa4 ./add.o
                0x0200a130                add__background
                0x0200a16c                add___elabb
 .text          0x0200a1d4      0x5e4 /usr/local/openravenscar/lib/gcc-lib/sparc-ork-elf/2.8.1/adalib/libgnarl.a(a-reatim.o)
                0x0200a200                ada__real_time__Oadd__2
                0x0200a3d4                ada__real_time__split
                0x0200a1f0                ada__real_time__Oadd
                0x0200a250                ada__real_time__Osubtract__4
                0x0200a354                ada__real_time__nanoseconds
                0x0200a2c0                ada__real_time__Odivide__2
                0x0200a27c                ada__real_time__Odivide
                0x0200a230                ada__real_time__Osubtract__2
                0x0200a344                ada__real_time__to_duration
                0x0200a6ec                ada__real_time__time_of
                0x0200a210                ada__real_time__Oadd__3
                0x0200a3a4                ada__real_time__milliseconds
                0x0200a1d4                ada__real_time__clock
                0x0200a378                ada__real_time__microseconds
                0x0200a220                ada__real_time__Osubtract
                0x0200a240                ada__real_time__Osubtract__3
                0x0200a34c                ada__real_time__to_time_span
                0x0200a318                ada__real_time__Omultiply__2
                0x0200a2ec                ada__real_time__Omultiply
 .text          0x0200a7b8       0x68 /usr/local/openravenscar/lib/gcc-lib/sparc-ork-elf/2.8.1/adalib/libgnarl.a(a-retide.o)
                0x0200a7fc                ada__real_time__delays__to_duration
                0x0200a7b8                ada__real_time__delays__delay_until
 .text          0x0200a820      0x10c /usr/local/openravenscar/lib/gcc-lib/sparc-ork-elf/2.8.1/adalib/libgnarl.a(s-taprob.o)
                0x0200a90c                system__tasking__protected_objects___init_proc
                0x0200a8dc                system__tasking__protected_objects__unlock
                0x0200a84c                system__tasking__protected_objects__lock
                0x0200a918                system__tasking__protected_objects___init_proc__2
                0x0200a820                system__tasking__protected_objects__initialize_protection
                0x0200a894                system__tasking__protected_objects__lock_read_only
                0x0200a8f4                system__tasking__protected_objects__finalize_protection
 .text          0x0200a92c      0x978 /usr/local/openravenscar/lib/gcc-lib/sparc-ork-elf/2.8.1/adalib/libgnarl.a(s-taprop.o)
                0x0200abac                system__task_primitives__operations__get_priority
                0x0200aa24                system__task_primitives__operations__unlock__2
                0x0200ad84                system__task_primitives__operations__check_no_locks
                0x0200a9a8                system__task_primitives__operations__write_lock
                0x0200ade4                system__task_primitives__operations__resume_task
                0x0200ae64                system__task_primitives__operations___elabb
                0x0200aaf0                system__task_primitives__operations__clock
                0x0200a9c4                system__task_primitives__operations__write_lock__2
                0x0200a964                system__task_primitives__operations__get_thread_id
                0x0200aa78                system__task_primitives__operations__timed_delay
                0x0200ab8c                system__task_primitives__operations__set_priority
                0x0200aa54                system__task_primitives__operations__timed_sleep
                0x0200a948                system__task_primitives__operations__self
                0x0200aa3c                system__task_primitives__operations__sleep
                0x0200ad68                system__task_primitives__operations__set_exit_task_procedure
                0x0200aa10                system__task_primitives__operations__unlock
                0x0200ad9c                system__task_primitives__operations__environment_task
                0x0200a970                system__task_primitives__operations__initialize_lock
                0x0200b098                system__task_primitives__operations___init_proc
                0x0200ad4c                system__task_primitives__operations__exit_task
                0x0200ab14                system__task_primitives__operations__wakeup
                0x0200a92c                system__task_primitives__operations__set
                0x0200ad74                system__task_primitives__operations__abort_task
                0x0200ada8                system__task_primitives__operations__lock_all_tasks_list
                0x0200a9dc                system__task_primitives__operations__write_lock__3
                0x0200ad3c                system__task_primitives__operations__finalize_tcb
                0x0200ac28                system__task_primitives__operations__new_atcb
                0x0200addc                system__task_primitives__operations__suspend_task
                0x0200ab28                system__task_primitives__operations__yield
                0x0200adc4                system__task_primitives__operations__unlock_all_tasks_list
                0x0200adec                system__task_primitives__operations__initialize
                0x0200ad7c                system__task_primitives__operations__check_exit
                0x0200aca0                system__task_primitives__operations__initialize_tcb
                0x0200a95c                system__task_primitives__operations__stack_guard
                0x0200a9a0                system__task_primitives__operations__finalize_lock
                0x0200ad44                system__task_primitives__operations__default_exit_task_procedure
                0x0200acdc                system__task_primitives__operations__create_task
                0x0200a988                system__task_primitives__operations__initialize_lock__2
                0x0200a9f4                system__task_primitives__operations__read_lock
                0x0200abc4                system__task_primitives__operations__enter_task
 .text          0x0200b2a4      0x924 /usr/local/openravenscar/lib/gcc-lib/sparc-ork-elf/2.8.1/adalib/libgnarl.a(s-tarest.o)
                0x0200b518                system__tasking__restricted__stages__create_restricted_task
                0x0200ba18                system__tasking__restricted__stages__restricted_terminated
                0x0200b728                system__tasking__restricted__stages__activate_restricted_tasks
                0x0200b8e8                system__tasking__restricted__stages__complete_restricted_activation
                0x0200ba2c                system__tasking__restricted__stages__finalize_global_tasks
                0x0200ba80                system__tasking__restricted__stages___elabb
                0x0200b9b8                system__tasking__restricted__stages__complete_restricted_task
 .text          0x0200bbc8      0xf44 /usr/local/openravenscar/lib/gcc-lib/sparc-ork-elf/2.8.1/adalib/libgnarl.a(s-tasdeb.o)
                0x0200c840                system__tasking__debug__image
                0x0200cae4                system__tasking__debug___init_proc__2
                0x0200c51c                system__tasking__debug__print_current_task
                0x0200c790                system__tasking__debug__trace__2
                0x0200bbc8                system__tasking__debug___elabs
                0x0200c538                system__tasking__debug__list_tasks
                0x0200c9e8                system__tasking__debug__resume_all_tasks
                0x0200bc40                system__tasking__debug__set_user_state
                0x0200c368                system__tasking__debug__print_task_info_header
                0x0200caa4                system__tasking__debug___init_proc
                0x0200bc2c                system__tasking__debug__self
                0x0200ca20                system__tasking__debug___elabb
                0x0200c578                system__tasking__debug__print_accept_info
                0x0200c82c                system__tasking__debug__set_trace
                0x0200c63c                system__tasking__debug__trace
                0x0200c7c4                system__tasking__debug__trace__3
                0x0200c7f8                system__tasking__debug__trace__4
                0x0200bf28                system__tasking__debug__print_task_info
                0x0200bc24                system__tasking__debug__task_termination_hook
                0x0200bc1c                system__tasking__debug__task_creation_hook
                0x0200c9b0                system__tasking__debug__suspend_all_tasks
 .text          0x0200cb0c      0x75c /usr/local/openravenscar/lib/gcc-lib/sparc-ork-elf/2.8.1/adalib/libgnarl.a(s-taskin.o)
                0x0200cf20                system__tasking___init_proc__3
                0x0200d1c8                system__tasking___init_proc__8
                0x0200d188                system__tasking___init_proc__7
                0x0200cb0c                system__tasking__self
                0x0200cee8                system__tasking___init_proc__2
                0x0200cc48                system__tasking___elabb
                0x0200cf9c                system__tasking___init_proc__4
                0x0200d1d4                system__tasking___init_proc__9
                0x0200ce94                system__tasking___init_proc
                0x0200cff0                system__tasking___init_proc__6
                0x0200cb20                system__tasking__initialize_atcb
                0x0200cfa8                system__tasking___init_proc__5
 .text          0x0200d268       0x14 /usr/local/openravenscar/lib/gcc-lib/sparc-ork-elf/2.8.1/adalib/libgnarl.a(s-taspri.o)
                0x0200d268                system__task_primitives___init_proc
 .text          0x0200d27c      0x1f0 /usr/local/openravenscar/lib/gcc-lib/sparc-ork-elf/2.8.1/adalib/libgnarl.a(kernel-interrupts.o)
                0x0200d344                kernel_detach_interrupt_handler
                0x0200d38c                kernel__interrupts___elabb
                0x0200d27c                kernel__interrupts__null_handler
                0x0200d284                kernel__interrupts__wrapper
                0x0200d36c                kernel_current_interrupt_handler
                0x0200d2e4                kernel_attach_interrupt_handler
                0x0200d410                kernel__interrupts___init_proc__2
                0x0200d3f8                kernel__interrupts___init_proc
 .text          0x0200d46c      0x5dc /usr/local/openravenscar/lib/gcc-lib/sparc-ork-elf/2.8.1/adalib/libgnarl.a(kernel-threads.o)
                0x0200d46c                kernel__threads___elabs
                0x0200da0c                kernel__threads___init_proc__3
                0x0200d6dc                kernel_yield
                0x0200d7dc                kernel_check_no_mutexes
                0x0200d7ec                kernel_condition_init
                0x0200d63c                kernel__threads__set_active_priority
                0x0200d5f0                kernel_set_priority
                0x0200d8b0                kernel_condition_signal
                0x0200d910                kernel_thread_create
                0x0200d4f8                kernel__threads__default_dummy_task_function
                0x0200d9d8                kernel_thread_self
                0x0200d4a8                kernel__threads__thread_caller
                0x0200d7f4                kernel_condition_wait
                0x0200d508                kernel_initialize
                0x0200d77c                kernel_mutex_unlock
                0x0200d724                kernel_mutex_lock
                0x0200d718                kernel_mutex_init
                0x0200d9e8                kernel__threads___elabb
                0x0200d9f8                kernel__threads___init_proc
                0x0200da04                kernel__threads___init_proc__2
                0x0200d6c0                kernel_get_priority
 .text          0x0200da48       0x28 /usr/local/openravenscar/lib/gcc-lib/sparc-ork-elf/2.8.1/adalib/libgnarl.a(kernel-threads-atcb.o)
                0x0200da60                kernel__threads__atcb___elabb
                0x0200da50                kernel__threads__atcb__thread_self_atcb
                0x0200da48                kernel__threads__atcb__set_atcb
 .text          0x0200da70      0x478 /usr/local/openravenscar/lib/gcc-lib/sparc-ork-elf/2.8.1/adalib/libgnarl.a(kernel-threads-queues.o)
                0x0200dc88                kernel__threads__queues__insert_alarm
                0x0200db2c                kernel__threads__queues__insert_at_tail
                0x0200da88                kernel__threads__queues__insert_at_head
                0x0200dd54                kernel__threads__queues__extract_first_alarm
                0x0200dc3c                kernel__threads__queues__get_new_thread_descriptor
                0x0200de58                kernel__threads__queues___init_proc
                0x0200dbd0                kernel__threads__queues__extract_from_ready
                0x0200dd80                kernel__threads__queues__get_next_alarm_time
                0x0200ddb4                kernel__threads__queues___elabb
                0x0200dc18                kernel__threads__queues__next_running
                0x0200da7c                kernel__threads__queues__environment_thread_id
                0x0200da70                kernel__threads__queues__dummy_thread_id
 .text          0x0200dee8      0x108 /usr/local/openravenscar/lib/gcc-lib/sparc-ork-elf/2.8.1/adalib/libgnarl.a(kernel-threads-protection.o)
                0x0200df0c                kernel__threads__protection__leave_kernel
                0x0200dee8                kernel__threads__protection__dispatch
                0x0200dfe0                kernel__threads__protection___elabb
                0x0200def8                kernel__threads__protection__enter_kernel
 .text          0x0200dff0      0x3c4 /usr/local/openravenscar/lib/gcc-lib/sparc-ork-elf/2.8.1/adalib/libgnarl.a(kernel-time.o)
                0x0200e0a8                kernel_delay_until
                0x0200dff0                kernel_clock
                0x0200e374                kernel__time___elabb
 .text          0x0200e3b4       0x9c /usr/local/openravenscar/lib/gcc-lib/sparc-ork-elf/2.8.1/adalib/libgnarl.a(kernel-memory.o)
                0x0200e410                kernel__memory___elabb
                0x0200e3bc                kernel_new_stack
                0x0200e3b4                kernel_new_memory_region
 .text          0x0200e450       0x88 /usr/local/openravenscar/lib/gcc-lib/sparc-ork-elf/2.8.1/adalib/libgnarl.a(kernel-cpu_primitives.o)
                0x0200e450                kernel__cpu_primitives__context_switch
                0x0200e45c                kernel__cpu_primitives__initialize_context
                0x0200e4c8                kernel__cpu_primitives___elabb
 .text          0x0200e4d8       0x44 /usr/local/openravenscar/lib/gcc-lib/sparc-ork-elf/2.8.1/adalib/libgnarl.a(kernel-peripherals-registers.o)
                0x0200e4d8                kernel__peripherals__registers___elabs
 .text          0x0200e51c      0x6ac /usr/local/openravenscar/lib/gcc-lib/sparc-ork-elf/2.8.1/adalib/libgnarl.a(kernel-peripherals.o)
                0x0200e52c                kernel__peripherals__stop_watch_dog
                0x0200e51c                kernel__peripherals__to_vector
                0x0200e548                kernel__peripherals__init_clock
                0x0200eb14                kernel__peripherals___elabb
                0x0200e62c                kernel__peripherals__cancel_and_set_alarm
                0x0200e608                kernel__peripherals__init_board
                0x0200e640                kernel__peripherals__set_alarm
                0x0200e7b4                kernel__peripherals__read_clock
                0x0200e824                kernel__peripherals__clear_alarm_interrupt
                0x0200ea54                kernel__peripherals__uart_send
                0x0200e82c                kernel__peripherals__clear_clock_interrupt
                0x0200e968                kernel__peripherals__init_uart
                0x0200e540                kernel__peripherals__memory_configuration
                0x0200e834                kernel__peripherals__protect_segment
                0x0200e524                kernel__peripherals__priority_of_interrupt
 .text          0x0200ebc8       0xe4 /usr/local/openravenscar/lib/gcc-lib/sparc-ork-elf/2.8.1/adalib/libgnarl.a(kernel-serial_output.o)
                0x0200ec20                kernel_new_line
                0x0200ec34                kernel_put_line_c
                0x0200ebe0                kernel__serial_output__put__2
                0x0200ebc8                kernel_put_c
                0x0200ec50                kernel__serial_output__put_line__2
                0x0200ec80                kernel__serial_output___elabb
 .text          0x0200ecac      0x2dc /usr/local/openravenscar/lib/gcc-lib/sparc-ork-elf/2.8.1/adalib/libgnarl.a(context.o)
                0x0200ef80                exit_from_context_switch
                0x0200ecac                context_switch
                0x0200ecb8                context_trap
 .text          0x0200ef88      0x60c /usr/local/openravenscar/lib/gcc-lib/sparc-ork-elf/2.8.1/adalib/libgnarl.a(install_handler.o)
                0x0200f040                set_next_running
                0x0200ef88                enable_traps
                0x0200efec                install_trap_handler
                0x0200ef9c                install_int_handler
 .text          0x0200f594       0x34 /usr/local/openravenscar/lib/gcc-lib/sparc-ork-elf/2.8.1/adalib/libgnarl.a(int_level.o)
                0x0200f594                disable_interrupts
                0x0200f5ac                enable_interrupts
 .text          0x0200f5c8     0x25c0 /usr/local/openravenscar/lib/gcc-lib/sparc-ork-elf/2.8.1/adalib/libgnat.a(a-except.o)
                0x02010e30                ada__exceptions__sdp_table_sort_move
                0x02010f90                ada__exceptions__string_to_eid
                0x0201064c                __gnat_raise_nodefer_with_msg
                0x0200f7f8                ada__exceptions__current_target_exception
                0x020107c4                ada__exceptions__raise_from_signal_handler
                0x0200f648                ada__exceptions__address_image
                0x02010a48                ada__exceptions__save_occurrence
                0x0201162c                __gnat_notify_exception
                0x0201030c                ada__exceptions__propagate_exception
                0x02010180                ada__exceptions__exception_name_simple
                0x0201099c                __gnat_reraise
                0x0201072c                __gnat_raise_exception
                0x0200f5c8                ada__exceptions___elabs
                0x0200f750                __gnat_break_start
                0x0200f73c                ada__exceptions__allocate_machine_state
                0x0200f81c                ada__exceptions__deallocate_machine_state
                0x0200fad0                ada__exceptions__exception_information
                0x020108fc                __gnat_raise_storage_error
                0x0200f88c                ada__exceptions__eo_to_string
                0x02010d94                ada__exceptions__sdp_table_sort_lt
                0x02011aa0                ada__exceptions__raise_exception_no_defer
                0x0201008c                ada__exceptions__exception_name__2
                0x02011b48                ada__exceptions__zzz
                0x0200f638                ada__exceptions__poll
                0x0201091c                ada__exceptions__raise_with_c_msg
                0x020116c0                ada__exceptions__unhandled_exception_terminate
                0x0200f830                ada__exceptions__eid_to_string
                0x02010adc                ada__exceptions__save_occurrence__2
                0x02010888                ada__exceptions__raise_with_location
                0x02010860                ada__exceptions__raise_no_msg
                0x0200ffc8                ada__exceptions__exception_message
                0x02010e60                ada__exceptions__set_exception_c_msg
                0x020110b8                ada__exceptions__string_to_eo
                0x020108bc                __gnat_raise_constraint_error
                0x020109d4                ada__exceptions__reraise_occurrence
                0x02011b50                ada__exceptions___elabb
                0x02011b78                ada__exceptions___init_proc
                0x02010150                ada__exceptions__exception_name
                0x0200f640                ada__exceptions__aaa
                0x02010a1c                ada__exceptions__reraise_occurrence_no_defer
                0x0200f8ec                ada__exceptions__exception_identity
                0x02010b08                __gnat_SDP_Table_Build
                0x02011624                __gnat_unhandled_exception
                0x0200f758                ada__exceptions__call_chain
                0x02010950                __gnat_raise_with_msg
                0x020108dc                __gnat_raise_program_error
 .text          0x02011b88      0x2ec /usr/local/openravenscar/lib/gcc-lib/sparc-ork-elf/2.8.1/adalib/libgnat.a(a-filico.o)
                0x02011bd4                ada__finalization__list_controller___deep_finalize__2
                0x02011e40                ada__finalization__list_controller___init_proc__2
                0x02011e04                ada__finalization__list_controller__finalize
                0x02011bc4                ada__finalization__list_controller___size__2
                0x02011e1c                ada__finalization__list_controller___init_proc
                0x02011dd0                ada__finalization__list_controller__finalize__2
                0x02011c00                ada__finalization__list_controller___elabs
                0x02011b88                ada__finalization__list_controller___size
                0x02011db8                ada__finalization__list_controller__initialize__2
                0x02011b98                ada__finalization__list_controller___deep_finalize
 .text          0x02011e74      0x560 /usr/local/openravenscar/lib/gcc-lib/sparc-ork-elf/2.8.1/adalib/libgnat.a(a-finali.o)
                0x020120d4                ada__finalization___size__4
                0x02012354                ada__finalization__initialize
                0x0201236c                ada__finalization__Oeq__2
                0x02012394                ada__finalization___init_proc
                0x02011e9c                ada__finalization___write__3
                0x0201238c                ada__finalization__finalize__2
                0x02011e74                ada__finalization___size__3
                0x02011e84                ada__finalization___read__3
                0x0201235c                ada__finalization__adjust
                0x020123b4                ada__finalization___init_proc__2
                0x02012110                ada__finalization___elabs
                0x02012364                ada__finalization__finalize
                0x02012080                ada__finalization___deep_adjust
                0x02012384                ada__finalization__initialize__2
                0x02011eb4                ada__finalization___assign__3
                0x020120a8                ada__finalization___deep_finalize
                0x020120e4                ada__finalization___deep_finalize__2
 .text          0x020123d4       0x6c /usr/local/openravenscar/lib/gcc-lib/sparc-ork-elf/2.8.1/adalib/libgnat.a(a-ioexce.o)
                0x020123d4                ada__io_exceptions___elabs
 .text          0x02012440     0x1e98 /usr/local/openravenscar/lib/gcc-lib/sparc-ork-elf/2.8.1/adalib/libgnat.a(a-nuelfu.o)
                0x02013efc                ada__numerics__elementary_functions__sinh
                0x02012d84                ada__numerics__elementary_functions__arcsin
                0x02012b6c                ada__numerics__elementary_functions__arccosh
                0x02012fb0                ada__numerics__elementary_functions__arcsinh
                0x02012440                ada__numerics__elementary_functions__Oexpon
                0x02012c80                ada__numerics__elementary_functions__arccoth
                0x02012c64                ada__numerics__elementary_functions__arccot__2
                0x02012e58                ada__numerics__elementary_functions__arcsin__2
                0x020131e0                ada__numerics__elementary_functions__arctan__2
                0x02012a00                ada__numerics__elementary_functions__arccos__2
                0x020134e0                ada__numerics__elementary_functions__cos
                0x02014008                ada__numerics__elementary_functions__sqrt
                0x02014114                ada__numerics__elementary_functions__tan__2
                0x02013e00                ada__numerics__elementary_functions__sin__2
                0x02013c90                ada__numerics__elementary_functions__log__2
                0x020136e4                ada__numerics__elementary_functions__cot__2
                0x02014244                ada__numerics__elementary_functions__tanh
                0x0201384c                ada__numerics__elementary_functions__coth
                0x02013bd4                ada__numerics__elementary_functions__log
                0x02013590                ada__numerics__elementary_functions__cosh
                0x02012c4c                ada__numerics__elementary_functions__arccot
                0x020130d0                ada__numerics__elementary_functions__arctan
                0x02013db8                ada__numerics__elementary_functions__sin
                0x02012900                ada__numerics__elementary_functions__arccos
                0x0201354c                ada__numerics__elementary_functions__cos__2
                0x0201408c                ada__numerics__elementary_functions__tan
                0x02013940                ada__numerics__elementary_functions__exp
                0x0201363c                ada__numerics__elementary_functions__cot
                0x02013354                ada__numerics__elementary_functions__arctanh
 .text          0x020142d8       0x18 /usr/local/openravenscar/lib/gcc-lib/sparc-ork-elf/2.8.1/adalib/libgnat.a(a-numeri.o)
                0x020142d8                ada__numerics___elabs
 .text          0x020142f0       0xc0 /usr/local/openravenscar/lib/gcc-lib/sparc-ork-elf/2.8.1/adalib/libgnat.a(a-stream.o)
                0x02014308                ada__streams___elabs
                0x02014300                ada__streams___deep_finalize
                0x020142f0                ada__streams___size
                0x020143a0                ada__streams___init_proc
 .text          0x020143b0      0x934 /usr/local/openravenscar/lib/gcc-lib/sparc-ork-elf/2.8.1/adalib/libgnat.a(a-tags.o)
                0x02014a18                ada__tags__length
                0x02014c84                ada__tags___init_proc
                0x02014524                ada__tags__external_tag_htable__removeXn
                0x02014b3c                ada__tags__get_rc_offset
                0x02014c58                ada__tags__set_remotely_callable
                0x02014c20                ada__tags__set_prim_op_address
                0x02014c00                ada__tags__register_tag
                0x02014ba0                ada__tags__inherit_tsd
                0x020143b0                ada__tags___elabs
                0x02014b18                ada__tags__get_expanded_name
                0x02014c34                ada__tags__set_expanded_name
                0x02014b48                ada__tags__get_remotely_callable
                0x02014740                ada__tags__expanded_name
                0x020143c8                ada__tags__external_tag_htable__getXn
                0x02014b30                ada__tags__get_inheritance_depth
                0x02014b60                ada__tags__get_tsd
                0x0201461c                ada__tags__external_tag_htable__setXn
                0x02014ad8                ada__tags__cw_membership
                0x02014b68                ada__tags__inherit_dt
                0x02014470                ada__tags__external_tag_htable__get_nextXn
                0x02014848                ada__tags__get_external_tag
                0x0201486c                ada__tags__internal_tag
                0x02014c8c                ada__tags___init_proc__2
                0x02014a74                ada__tags___elabb
                0x02014c2c                ada__tags__set_tsd
                0x02014c40                ada__tags__set_external_tag
                0x02014690                ada__tags__get_ht_link
                0x02014a4c                ada__tags__parent_size
                0x02014658                ada__tags__equal
                0x0201443c                ada__tags__external_tag_htable__get_firstXn
                0x02014c14                ada__tags__set_inheritance_depth
                0x020147c4                ada__tags__external_tag
                0x020144ac                ada__tags__external_tag_htable__get_non_nullXn
                0x02014b24                ada__tags__get_prim_op_address
                0x02014c4c                ada__tags__set_rc_offset
                0x020146fc                ada__tags__hash
                0x020145dc                ada__tags__external_tag_htable__resetXn
                0x02014734                ada__tags__set_ht_link
                0x02014c98                ada__tags__external_tag_htable___init_procXn
 .text          0x02014ce4      0x25c /usr/local/openravenscar/lib/gcc-lib/sparc-ork-elf/2.8.1/adalib/libgnat.a(g-except.o)
                0x02014e30                gnat__exceptions___deep_finalize
                0x02014cfc                gnat__exceptions___write
                0x02014d38                gnat__exceptions___output
                0x02014d58                gnat__exceptions___assign
                0x02014d04                gnat__exceptions___input
                0x02014e38                gnat__exceptions___elabs
                0x02014cf4                gnat__exceptions___read
                0x02014ce4                gnat__exceptions___size
                0x02014f30                gnat__exceptions___init_proc
                0x02014d50                gnat__exceptions__Oeq
                0x02014e28                gnat__exceptions___deep_adjust
 .text          0x02014f40      0x174 /usr/local/openravenscar/lib/gcc-lib/sparc-ork-elf/2.8.1/adalib/libgnat.a(g-hesora.o)
                0x02015010                gnat__heap_sort_a__sort
 .text          0x020150b4      0xc6c /usr/local/openravenscar/lib/gcc-lib/sparc-ork-elf/2.8.1/adalib/libgnat.a(i-c.o)
                0x020159c4                interfaces__c__to_c__4
                0x02015504                interfaces__c__to_ada__6
                0x02015118                interfaces__c__is_nul_terminated__2
                0x02015168                interfaces__c__to_ada
                0x02015170                interfaces__c__to_ada__2
                0x0201562c                interfaces__c__to_c
                0x020150cc                interfaces__c__is_nul_terminated
                0x02015b78                interfaces__c__to_c__6
                0x020152a4                interfaces__c__to_ada__3
                0x020150b4                interfaces__c___elabs
                0x0201582c                interfaces__c__to_c__3
                0x020153c4                interfaces__c__to_ada__5
                0x020159cc                interfaces__c__to_c__5
                0x02015634                interfaces__c__to_c__2
                0x020153bc                interfaces__c__to_ada__4
 .text          0x02015d20     0x13b4 /usr/local/openravenscar/lib/gcc-lib/sparc-ork-elf/2.8.1/adalib/libgnat.a(s-arit64.o)
                0x02015e5c                system__arith_64__hi
                0x02016404                system__arith_64__scaled_divide
                0x020163d4                system__arith_64__raise_error
                0x02015dd4                system__arith_64__Odivide
                0x02015d48                system__arith_64__Oadd__2
                0x02017000                system__arith_64__subtract_with_ovflo_check
                0x02015d78                system__arith_64__Omultiply
                0x02015e6c                system__arith_64__lo
                0x02015da8                system__arith_64__Omultiply__2
                0x02015ee0                system__arith_64__double_divide
                0x020161d0                system__arith_64__multiply_with_ovflo_check
                0x020170b4                system__arith_64__to_pos_int
                0x02015d20                system__arith_64__Oadd
                0x02015e2c                system__arith_64__Oconcat
                0x0201707c                system__arith_64__to_neg_int
                0x02015e00                system__arith_64__Orem
                0x02015e74                system__arith_64__add_with_ovflo_check
                0x02015d60                system__arith_64__Osubtract
 .text          0x020170d4      0x16c /usr/local/openravenscar/lib/gcc-lib/sparc-ork-elf/2.8.1/adalib/libgnat.a(s-except.o)
                0x020170f8                system__exceptions___init_proc
                0x020170d4                system__exceptions___elabs
                0x020171a0                system__exceptions___init_proc__4
                0x02017140                system__exceptions___init_proc__3
                0x020171e0                system__exceptions___init_proc__5
                0x02017100                system__exceptions___init_proc__2
 .text          0x02017240      0x54c /usr/local/openravenscar/lib/gcc-lib/sparc-ork-elf/2.8.1/adalib/libgnat.a(s-exctab.o)
                0x02017554                system__exception_table__get_key
                0x020172e8                system__exception_table__exception_htable__get_nextXn
                0x0201751c                system__exception_table__equal
                0x02017494                system__exception_table__exception_htable__setXn
                0x02017740                system__exception_table__exception_htable___init_procXn
                0x02017240                system__exception_table__exception_htable__getXn
                0x020174d8                system__exception_table__get_ht_link
                0x02017454                system__exception_table__exception_htable__resetXn
                0x020174d0                system__exception_table__set_ht_link
                0x0201755c                system__exception_table__internal_exception
                0x02017324                system__exception_table__exception_htable__get_non_nullXn
                0x020174e0                system__exception_table__hash
                0x020172b4                system__exception_table__exception_htable__get_firstXn
                0x02017690                system__exception_table___elabb
                0x0201767c                system__exception_table__register_exception
                0x0201739c                system__exception_table__exception_htable__removeXn
 .text          0x0201778c      0x1c4 /usr/local/openravenscar/lib/gcc-lib/sparc-ork-elf/2.8.1/adalib/libgnat.a(s-exnflt.o)
                0x0201778c                system__exn_flt__exn_float
 .text          0x02017950      0xb2c /usr/local/openravenscar/lib/gcc-lib/sparc-ork-elf/2.8.1/adalib/libgnat.a(s-fatflt.o)
                0x02018304                system__fat_flt__fat_float__truncation
                0x02017a94                system__fat_flt__fat_float__decompose
                0x02017e28                system__fat_flt__fat_float__model
                0x02017d30                system__fat_flt__fat_float__floor
                0x02017e3c                system__fat_flt__fat_float__pred
                0x02018104                system__fat_flt__fat_float__scaling
                0x02017db8                system__fat_flt__fat_float__leading_part
                0x020183b4                system__fat_flt__fat_float__unbiased_rounding
                0x020179a8                system__fat_flt__fat_float__ceiling
                0x02017a08                system__fat_flt__fat_float__compose
                0x02017d08                system__fat_flt__fat_float__exponent
                0x02017d90                system__fat_flt__fat_float__fraction
                0x02017c80                system__fat_flt__fat_float__gradual_scaling
                0x02017ef4                system__fat_flt__fat_float__remainder
                0x0201807c                system__fat_flt__fat_float__rounding
                0x02017950                system__fat_flt__fat_float__adjacent
                0x0201821c                system__fat_flt__fat_float__succ
                0x0201845c                system__fat_flt__fat_float__valid
                0x02017a38                system__fat_flt__fat_float__copy_sign
                0x02017e14                system__fat_flt__fat_float__machine
 .text          0x0201847c     0x13dc /usr/local/openravenscar/lib/gcc-lib/sparc-ork-elf/2.8.1/adalib/libgnat.a(s-finimp.o)
                0x0201969c                system__finalization_implementation__deep_tag_attach
                0x020186a8                system__finalization_implementation___read__2
                0x02018cfc                system__finalization_implementation__detach_from_final_list
                0x02018540                system__finalization_implementation___output
                0x02019158                system__finalization_implementation__finalize_list
                0x02018774                system__finalization_implementation__Oeq__2
                0x02019828                system__finalization_implementation___init_proc__2
                0x020185a0                system__finalization_implementation___assign
                0x02019754                system__finalization_implementation__initialize__2
                0x02018b60                system__finalization_implementation__attach_to_final_list
                0x02019500                system__finalization_implementation__deep_tag_adjust
                0x020187bc                system__finalization_implementation___assign__2
                0x02018558                system__finalization_implementation__Oeq
                0x020184e8                system__finalization_implementation___input
                0x020184c4                system__finalization_implementation___write
                0x02019410                system__finalization_implementation__deep_tag_initialize
                0x0201974c                system__finalization_implementation__initialize
                0x02019804                system__finalization_implementation___init_proc
                0x020186cc                system__finalization_implementation___write__2
                0x020188bc                system__finalization_implementation___elabs
                0x0201875c                system__finalization_implementation___output__2
                0x020186f0                system__finalization_implementation___input__2
                0x0201848c                system__finalization_implementation___read
                0x020192c4                system__finalization_implementation__finalize_one
                0x020195cc                system__finalization_implementation__deep_tag_finalize
                0x0201929c                system__finalization_implementation__finalize_global_list
                0x020197f0                system__finalization_implementation__finalize
                0x02018698                system__finalization_implementation___size__2
                0x020197bc                system__finalization_implementation__adjust__2
                0x0201847c                system__finalization_implementation___size
 .text          0x02019858      0x658 /usr/local/openravenscar/lib/gcc-lib/sparc-ork-elf/2.8.1/adalib/libgnat.a(s-finroo.o)
                0x02019858                system__finalization_root___size
                0x02019e8c                system__finalization_root___init_proc__2
                0x02019868                system__finalization_root___read
                0x02019ba0                system__finalization_root___elabs
                0x02019a58                system__finalization_root__Oeq__2
                0x020199e8                system__finalization_root___input__2
                0x02019870                system__finalization_root___write
                0x02019880                system__finalization_root___assign
                0x02019e4c                system__finalization_root__finalize
                0x02019a40                system__finalization_root___output__2
                0x02019dec                system__finalization_root__initialize
                0x02019878                system__finalization_root__Oeq
                0x02019960                system__finalization_root___read__2
                0x020199b8                system__finalization_root___write__2
                0x02019950                system__finalization_root___size__2
                0x02019e1c                system__finalization_root__adjust
                0x02019ab0                system__finalization_root___assign__2
                0x02019e7c                system__finalization_root___init_proc
 .text          0x02019eb0      0x1b4 /usr/local/openravenscar/lib/gcc-lib/sparc-ork-elf/2.8.1/adalib/libgnat.a(s-imgint.o)
                0x02019fec                system__img_int__set_image_integer
                0x02019eb0                system__img_int__image_integer
 .text          0x0201a064      0xbc8 /usr/local/openravenscar/lib/gcc-lib/sparc-ork-elf/2.8.1/adalib/libgnat.a(s-imgrea.o)
                0x0201a064                system__img_real__image_ordinary_fixed_point
                0x0201a750                system__img_real__set_image_real
                0x0201a138                system__img_real__image_floating_point
 .text          0x0201ac2c      0x160 /usr/local/openravenscar/lib/gcc-lib/sparc-ork-elf/2.8.1/adalib/libgnat.a(s-imguns.o)
                0x0201ac2c                system__img_uns__image_unsigned
                0x0201ad4c                system__img_uns__set_image_unsigned
 .text          0x0201ad8c       0x40 /usr/local/openravenscar/lib/gcc-lib/sparc-ork-elf/2.8.1/adalib/libgnat.a(s-mastop.o)
                0x0201ada4                system__machine_state_operations__get_code_loc
                0x0201ad8c                system__machine_state_operations__allocate_machine_state
                0x0201adc4                system__machine_state_operations__set_signal_machine_state
                0x0201ad9c                system__machine_state_operations__free_machine_state
                0x0201adac                system__machine_state_operations__machine_state_length
                0x0201ad94                system__machine_state_operations__enter_handler
                0x0201adbc                system__machine_state_operations__set_machine_state
                0x0201adb4                system__machine_state_operations__pop_frame
 .text          0x0201adcc       0x50 /usr/local/openravenscar/lib/gcc-lib/sparc-ork-elf/2.8.1/adalib/libgnat.a(s-parame.o)
                0x0201add4                system__parameters__minimum_stack_size
                0x0201addc                system__parameters__adjust_storage_size
                0x0201adcc                system__parameters__default_stack_size
 .text          0x0201ae1c      0x314 /usr/local/openravenscar/lib/gcc-lib/sparc-ork-elf/2.8.1/adalib/libgnat.a(s-secsta.o)
                0x0201b128                system__secondary_stack___init_proc__2
                0x0201b0cc                system__secondary_stack___elabb
                0x0201ae1c                system__secondary_stack__ss_allocate
                0x0201b010                system__secondary_stack__ss_free
                0x0201b0ac                system__secondary_stack__ss_release
                0x0201b08c                system__secondary_stack__ss_mark
                0x0201b114                system__secondary_stack___init_proc
                0x0201afac                system__secondary_stack__ss_init
 .text          0x0201b130      0x1fc /usr/local/openravenscar/lib/gcc-lib/sparc-ork-elf/2.8.1/adalib/libgnat.a(s-sopco3.o)
                0x0201b130                system__string_ops_concat_3__str_concat_3
 .text          0x0201b32c      0x1e4 /usr/local/openravenscar/lib/gcc-lib/sparc-ork-elf/2.8.1/adalib/libgnat.a(s-stache.o)
                0x0201b32c                system__stack_checking___elabs
                0x0201b344                _gnat_stack_check
                0x0201b4c8                system__stack_checking__set_stack_size
                0x0201b500                system__stack_checking___init_proc
                0x0201b3d0                system__stack_checking__invalidate_stack_cache
                0x0201b4f0                system__stack_checking__update_stack_cache
 .text          0x0201b510       0x28 /usr/local/openravenscar/lib/gcc-lib/sparc-ork-elf/2.8.1/adalib/libgnat.a(s-stalib.o)
                0x0201b510                system__standard_library__abort_undefer_direct
                0x0201b52c                system__standard_library___init_proc
 .text          0x0201b538       0x64 /usr/local/openravenscar/lib/gcc-lib/sparc-ork-elf/2.8.1/adalib/libgnat.a(s-stoele.o)
                0x0201b558                system__storage_elements__Omod
                0x0201b58c                system__storage_elements__to_address
                0x0201b540                system__storage_elements__Oadd__2
                0x0201b548                system__storage_elements__Osubtract
                0x0201b538                system__storage_elements__Oadd
                0x0201b594                system__storage_elements__to_integer
                0x0201b550                system__storage_elements__Osubtract__2
 .text          0x0201b59c     0x102c /usr/local/openravenscar/lib/gcc-lib/sparc-ork-elf/2.8.1/adalib/libgnat.a(s-stratt.o)
                0x0201bcb4                system__stream_attributes__i_si
                0x0201bf6c                system__stream_attributes__w_ad
                0x0201b6a4                system__stream_attributes__i_b
                0x0201c060                system__stream_attributes__w_c
                0x0201b87c                system__stream_attributes__i_lf
                0x0201bc2c                system__stream_attributes__i_sf
                0x0201c4e8                system__stream_attributes__w_su
                0x0201b708                system__stream_attributes__i_c
                0x0201b9ac                system__stream_attributes__i_llf
                0x0201bdf4                system__stream_attributes__i_su
                0x0201bafc                system__stream_attributes__i_llu
                0x0201c3e4                system__stream_attributes__w_sf
                0x0201be6c                system__stream_attributes__i_u
                0x0201c584                system__stream_attributes__w_wc
                0x0201b59c                system__stream_attributes__i_ad
                0x0201c52c                system__stream_attributes__w_u
                0x0201c38c                system__stream_attributes__w_lu
                0x0201c02c                system__stream_attributes__w_b
                0x0201c294                system__stream_attributes__w_lli
                0x0201bd90                system__stream_attributes__i_ssu
                0x0201b924                system__stream_attributes__i_li
                0x0201c480                system__stream_attributes__w_ssi
                0x0201c43c                system__stream_attributes__w_si
                0x0201c144                system__stream_attributes__w_lf
                0x0201bd2c                system__stream_attributes__i_ssi
                0x0201b76c                system__stream_attributes__i_f
                0x0201c1c0                system__stream_attributes__w_li
                0x0201bfdc                system__stream_attributes__w_as
                0x0201c0ec                system__stream_attributes__w_i
                0x0201b7f4                system__stream_attributes__i_i
                0x0201ba54                system__stream_attributes__i_lli
                0x0201bef4                system__stream_attributes__i_wc
                0x0201c218                system__stream_attributes__w_llf
                0x0201c4b4                system__stream_attributes__w_ssu
                0x0201b614                system__stream_attributes__i_as
                0x0201c094                system__stream_attributes__w_f
                0x0201c310                system__stream_attributes__w_llu
                0x0201bba4                system__stream_attributes__i_lu
 .text          0x0201c5c8      0x5b8 /usr/local/openravenscar/lib/gcc-lib/sparc-ork-elf/2.8.1/adalib/libgnat.a(s-strops.o)
                0x0201c9ec                system__string_ops__str_equal
                0x0201c8c4                system__string_ops__str_concat_sc
                0x0201cafc                system__string_ops__str_normalize
                0x0201c5c8                system__string_ops__str_concat
                0x0201c7e8                system__string_ops__str_concat_cs
                0x0201cb3c                system__string_ops__wide_str_normalize
                0x0201c788                system__string_ops__str_concat_cc
 .text          0x0201cb80      0x298 /usr/local/openravenscar/lib/gcc-lib/sparc-ork-elf/2.8.1/adalib/libgnat.a(s-soflin.o)
                0x0201cce4                system__soft_links__set_jmpbuf_address_soft
                0x0201cc50                system__soft_links__get_stack_info_nt
                0x0201cdac                system__soft_links___elabb
                0x0201cc44                system__soft_links__get_current_excep_nt
                0x0201cd54                system__soft_links__set_exc_stack_addr_soft
                0x0201cb80                system__soft_links__abort_defer_nt
                0x0201cbb4                system__soft_links__check_abort_status_nt
                0x0201cbfc                system__soft_links__get_sec_stack_addr_nt
                0x0201cbf0                system__soft_links__set_jmpbuf_address_nt
                0x0201cbd4                system__soft_links__task_lock_nt
                0x0201cd90                system__soft_links__set_machine_state_addr_soft
                0x0201cbc4                system__soft_links__current_master_nt
                0x0201cb88                system__soft_links__abort_handler_nt
                0x0201cc80                system__soft_links__destroy_tsd
                0x0201cd38                system__soft_links__get_exc_stack_addr_soft
                0x0201cbe4                system__soft_links__get_jmpbuf_address_nt
                0x0201cb90                system__soft_links__abort_undefer_nt
                0x0201cc5c                system__soft_links__create_tsd
                0x0201cc20                system__soft_links__set_machine_state_addr_nt
                0x0201cc08                system__soft_links__set_sec_stack_addr_nt
                0x0201cb98                system__soft_links__update_exception_nt
                0x0201cc38                system__soft_links__set_exc_stack_addr_nt
                0x0201cdec                system__soft_links___init_proc
                0x0201ccc8                system__soft_links__get_jmpbuf_address_soft
                0x0201cbcc                system__soft_links__enter_master_nt
                0x0201cd74                system__soft_links__get_machine_state_addr_soft
                0x0201cd1c                system__soft_links__set_sec_stack_addr_soft
                0x0201cbdc                system__soft_links__task_unlock_nt
                0x0201cca4                system__soft_links__get_gnat_exception
                0x0201cd00                system__soft_links__get_sec_stack_addr_soft
                0x0201cbbc                system__soft_links__complete_master_nt
                0x0201cc14                system__soft_links__get_machine_state_addr_nt
                0x0201cc2c                system__soft_links__get_exc_stack_addr_nt
 .text          0x0201ce18       0x68 /usr/local/openravenscar/lib/gcc-lib/sparc-ork-elf/2.8.1/adalib/libgnat.a(s-traceb.o)
                0x0201ce2c                system__traceback__get_code_loc
                0x0201ce54                system__traceback__pop_frame
                0x0201ce40                system__traceback__free_machine_state
                0x0201ce18                system__traceback__allocate_machine_state
                0x0201ce6c                system__traceback__set_machine_state
 .text          0x0201ce80       0xfc /usr/local/openravenscar/lib/gcc-lib/sparc-ork-elf/2.8.1/adalib/libgnat.a(a-argv.o)
                0x0201cf48                fill_env
                0x0201ceec                env_count
                0x0201cf28                len_env
                0x0201ce80                arg_count
                0x0201ce8c                gnat_argval
                0x0201ceb8                fill_arg
                0x0201ce98                len_arg
 .text          0x0201cf7c      0x14c /usr/local/openravenscar/lib/gcc-lib/sparc-ork-elf/2.8.1/adalib/libgnat.a(a-cio.o)
                0x0201cf9c                put_int
                0x0201cfb8                get_char
                0x0201cf7c                get_int
                0x0201d0a8                put_char_stderr
                0x0201d008                put_char
 .text          0x0201d0c8        0xc /usr/local/openravenscar/lib/gcc-lib/sparc-ork-elf/2.8.1/adalib/libgnat.a(a-exit.o)
                0x0201d0c8                set_gnat_exit_status
 .text          0x0201d0d4      0x1f4 /usr/local/openravenscar/lib/gcc-lib/sparc-ork-elf/2.8.1/adalib/libgnat.a(a-raise.o)
                0x0201d0d4                _gnat_builtin_longjmp
                0x0201d12c                __gnat_malloc
                0x0201d1e4                __gnat_free
                0x0201d114                __gnat_unhandled_terminate
                0x0201d220                __gnat_realloc
 .text          0x0201d2c8      0x410 /usr/local/openravenscar/lib/gcc-lib/sparc-ork-elf/2.8.1/adalib/libgnat.a(a-init.o)
                0x0201d4bc                __gnat_pop_frame
                0x0201d6d0                __gnat_init_float
                0x0201d2c8                __gnat_set_globals
                0x0201d6c8                __gnat_get_code_loc
                0x0201d320                __gnat_initialize
                0x0201d60c                __gnat_enter_handler
                0x0201d6c0                __gnat_machine_state_length
                0x0201d560                __gnat_set_machine_state
 .text          0x0201d6d8        0x8 /usr/local/openravenscar/lib/gcc-lib/sparc-ork-elf/2.8.1/adalib/libgnat.a(a-final.o)
                0x0201d6d8                __gnat_finalize
 .text          0x0201d6e0      0xc1c /usr/local/openravenscar/lib/gcc-lib/sparc-ork-elf/2.8.1/adalib/libgnat.a(s-fatllf.o)
                0x0201d7e4                system__fat_llf__fat_long_long_float__copy_sign
                0x0201da54                system__fat_llf__fat_long_long_float__gradual_scaling
                0x0201e228                system__fat_llf__fat_long_long_float__unbiased_rounding
                0x0201daec                system__fat_llf__fat_long_long_float__exponent
                0x0201d7b0                system__fat_llf__fat_long_long_float__compose
                0x0201db18                system__fat_llf__fat_long_long_float__floor
                0x0201d6e0                system__fat_llf__fat_long_long_float__adjacent
                0x0201dc44                system__fat_llf__fat_long_long_float__pred
                0x0201db84                system__fat_llf__fat_long_long_float__fraction
                0x0201dd04                system__fat_llf__fat_long_long_float__remainder
                0x0201df4c                system__fat_llf__fat_long_long_float__scaling
                0x0201d744                system__fat_llf__fat_long_long_float__ceiling
                0x0201d848                system__fat_llf__fat_long_long_float__decompose
                0x0201e074                system__fat_llf__fat_long_long_float__succ
                0x0201dbb0                system__fat_llf__fat_long_long_float__leading_part
                0x0201deb4                system__fat_llf__fat_long_long_float__rounding
                0x0201dc2c                system__fat_llf__fat_long_long_float__model
                0x0201e2d4                system__fat_llf__fat_long_long_float__valid
                0x0201e164                system__fat_llf__fat_long_long_float__truncation
                0x0201dc18                system__fat_llf__fat_long_long_float__machine
 .text          0x0201e2fc      0x18c /usr/local/openravenscar/lib/gcc-lib/sparc-ork-elf/2.8.1/adalib/libgnat.a(s-imgllu.o)
                0x0201e2fc                system__img_llu__image_long_long_unsigned
                0x0201e444                system__img_llu__set_image_long_long_unsigned
 .text          0x0201e488      0x894 /usr/local/openravenscar/lib/gcc-lib/sparc-ork-elf/2.8.1/adalib/libgnat.a(a-adaint.o)
                0x0201e618                get_object_suffix_ptr
                0x0201e5c4                Get_Default_Identifier_Character_Set
                0x0201e5ac                Get_Maximum_File_Name_Length
                0x0201e5bc                Get_File_Names_Case_Sensitive
                0x0201e834                file_time_name
                0x0201e5d4                Get_Pathsep_Char
                0x0201e6b4                open_read
                0x0201e5cc                Get_Dirsep_Char
                0x0201e8cc                is_regular_file
                0x0201e5b4                Get_Switch_Character
                0x0201ea80                locate_regular_file
                0x0201ecd0                to_canonical_file_list_next
                0x0201ecfc                to_host_dir_spec
                0x0201e8ac                __gnat_file_exists
                0x0201e7a0                __gnat_mkdir
                0x0201ecf4                to_canonical_path_spec
                0x0201e94c                is_writable_file
                0x0201e778                open_new_temp
                0x0201e980                portable_spawn
                0x0201ece4                to_canonical_dir_spec
                0x0201e86c                get_env_value_ptr
                0x0201e850                file_time_fd
                0x0201e82c                readdir_is_thread_safe
                0x0201e750                open_new
                0x0201e488                to_gm_time
                0x0201e4fc                Try_Lock
                0x0201ecec                to_canonical_file_spec
                0x0201ea3c                portable_wait
                0x0201ecc8                to_canonical_file_list_init
                0x0201ed14                convert_addresses
                0x0201e64c                get_executable_suffix_ptr
                0x0201e90c                is_directory
                0x0201e728                open_append
                0x0201e700                open_create
                0x0201e6d8                open_rw
                0x0201e7b8                file_length
                0x0201e7f8                readdir_gnat
                0x0201ed0c                adjust_os_resource_limits
                0x0201ec0c                locate_exec
                0x0201e9fc                portable_no_block_spawn
                0x0201ea6c                os_exit
                0x0201e8a0                Get_Libraries_From_Registry
                0x0201ecdc                to_canonical_file_list_free
                0x0201e5dc                Get_Current_Dir
                0x0201ed04                to_host_file_spec
                0x0201ec80                locate_exec_on_path
                0x0201e680                get_debuggable_suffix_ptr
 .text          0x0201ed1c      0x294 /usr/local/openravenscar/sparc-ork-elf/lib/libm.a(s_atan.o)
                0x0201ed1c                atan
 .text          0x0201efb0       0xf0 /usr/local/openravenscar/sparc-ork-elf/lib/libm.a(s_cos.o)
                0x0201efb0                cos
 .text          0x0201f0a0       0x2c /usr/local/openravenscar/sparc-ork-elf/lib/libm.a(s_fabs.o)
                0x0201f0a0                fabs
 .text          0x0201f0cc       0xf0 /usr/local/openravenscar/sparc-ork-elf/lib/libm.a(s_sin.o)
                0x0201f0cc                sin
 .text          0x0201f1bc       0x9c /usr/local/openravenscar/sparc-ork-elf/lib/libm.a(s_tan.o)
                0x0201f1bc                tan
 .text          0x0201f258      0x134 /usr/local/openravenscar/sparc-ork-elf/lib/libm.a(s_tanh.o)
                0x0201f258                tanh
 .text          0x0201f38c       0xf8 /usr/local/openravenscar/sparc-ork-elf/lib/libm.a(w_acos.o)
                0x0201f38c                acos
 .text          0x0201f484       0xf8 /usr/local/openravenscar/sparc-ork-elf/lib/libm.a(w_asin.o)
                0x0201f484                asin
 .text          0x0201f57c      0x1c0 /usr/local/openravenscar/sparc-ork-elf/lib/libm.a(w_exp.o)
                0x0201f57c                exp
 .text          0x0201f73c      0x184 /usr/local/openravenscar/sparc-ork-elf/lib/libm.a(w_log.o)
                0x0201f73c                log
 .text          0x0201f8c0      0x60c /usr/local/openravenscar/sparc-ork-elf/lib/libm.a(w_pow.o)
                0x0201f8c0                pow
 .text          0x0201fecc      0x118 /usr/local/openravenscar/sparc-ork-elf/lib/libm.a(w_sqrt.o)
                0x0201fecc                sqrt
 .text          0x0201ffe4      0x3ac /usr/local/openravenscar/sparc-ork-elf/lib/libm.a(e_acos.o)
                0x0201ffe4                __ieee754_acos
 .text          0x02020390      0x340 /usr/local/openravenscar/sparc-ork-elf/lib/libm.a(e_asin.o)
                0x02020390                __ieee754_asin
 .text          0x020206d0      0x2f0 /usr/local/openravenscar/sparc-ork-elf/lib/libm.a(e_exp.o)
                0x020206d0                __ieee754_exp
 .text          0x020209c0      0x310 /usr/local/openravenscar/sparc-ork-elf/lib/libm.a(e_log.o)
                0x020209c0                __ieee754_log
 .text          0x02020cd0      0x99c /usr/local/openravenscar/sparc-ork-elf/lib/libm.a(e_pow.o)
                0x02020cd0                __ieee754_pow
 .text          0x0202166c      0x3d8 /usr/local/openravenscar/sparc-ork-elf/lib/libm.a(e_rem_pio2.o)
                0x0202166c                __ieee754_rem_pio2
 .text          0x02021a44      0x264 /usr/local/openravenscar/sparc-ork-elf/lib/libm.a(e_sqrt.o)
                0x02021a44                __ieee754_sqrt
 .text          0x02021ca8      0x17c /usr/local/openravenscar/sparc-ork-elf/lib/libm.a(k_cos.o)
                0x02021ca8                __kernel_cos
 .text          0x02021e24      0x838 /usr/local/openravenscar/sparc-ork-elf/lib/libm.a(k_rem_pio2.o)
                0x02021e24                __kernel_rem_pio2
 .text          0x0202265c      0x11c /usr/local/openravenscar/sparc-ork-elf/lib/libm.a(k_sin.o)
                0x0202265c                __kernel_sin
 .text          0x02022778      0x2b4 /usr/local/openravenscar/sparc-ork-elf/lib/libm.a(k_tan.o)
                0x02022778                __kernel_tan
 .text          0x02022a2c      0x40c /usr/local/openravenscar/sparc-ork-elf/lib/libm.a(s_expm1.o)
                0x02022a2c                expm1
 .text          0x02022e38       0x18 /usr/local/openravenscar/sparc-ork-elf/lib/libm.a(s_finite.o)
                0x02022e38                finite
 .text          0x02022e50      0x1a0 /usr/local/openravenscar/sparc-ork-elf/lib/libm.a(s_floor.o)
                0x02022e50                floor
 .text          0x02022ff0       0x28 /usr/local/openravenscar/sparc-ork-elf/lib/libm.a(s_isnan.o)
                0x02022ff0                isnan
 .text          0x02023018        0x8 /usr/local/openravenscar/sparc-ork-elf/lib/libm.a(s_matherr.o)
                0x02023018                matherr
 .text          0x02023020      0x1c8 /usr/local/openravenscar/sparc-ork-elf/lib/libm.a(s_rint.o)
                0x02023020                rint
 .text          0x020231e8      0x1d8 /usr/local/openravenscar/sparc-ork-elf/lib/libm.a(s_scalbn.o)
                0x020231e8                scalbn
 .text          0x020233c0       0x40 /usr/local/openravenscar/sparc-ork-elf/lib/libm.a(s_copysign.o)
                0x020233c0                copysign
 .text          0x02023400        0x8 /usr/local/openravenscar/lib/gcc-lib/sparc-ork-elf/2.8.1/libgcc.a(__dummy.o)
                0x02023400                __dummy
 .text          0x02023408       0x48 /usr/local/openravenscar/lib/gcc-lib/sparc-ork-elf/2.8.1/libgcc.a(_ashldi3.o)
                0x02023408                __ashldi3
 .text          0x02023450       0x38 /usr/local/openravenscar/lib/gcc-lib/sparc-ork-elf/2.8.1/libgcc.a(_cmpdi2.o)
                0x02023450                __cmpdi2
 .text          0x02023488      0x3c0 /usr/local/openravenscar/lib/gcc-lib/sparc-ork-elf/2.8.1/libgcc.a(_divdi3.o)
                0x02023488                __divdi3
 .text          0x02023848      0x1f4 /usr/local/openravenscar/lib/gcc-lib/sparc-ork-elf/2.8.1/libgcc.a(_divsi3.o)
                0x02023848                udiv
                0x02023854                div
 .text          0x02023a3c       0x58 /usr/local/openravenscar/lib/gcc-lib/sparc-ork-elf/2.8.1/libgcc.a(_fixsfdi.o)
                0x02023a3c                __fixsfdi
 .text          0x02023a94      0x1c0 /usr/local/openravenscar/lib/gcc-lib/sparc-ork-elf/2.8.1/libgcc.a(_fixunsdfdi.o)
                0x02023a94                __fixunsdfdi
 .text          0x02023c54      0x1c8 /usr/local/openravenscar/lib/gcc-lib/sparc-ork-elf/2.8.1/libgcc.a(_fixunssfdi.o)
                0x02023c54                __fixunssfdi
 .text          0x02023e1c       0x54 /usr/local/openravenscar/lib/gcc-lib/sparc-ork-elf/2.8.1/libgcc.a(_floatdidf.o)
                0x02023e1c                __floatdidf
 .text          0x02023e70       0xa8 /usr/local/openravenscar/lib/gcc-lib/sparc-ork-elf/2.8.1/libgcc.a(_floatdisf.o)
                0x02023e70                __floatdisf
 .text          0x02023f18       0x48 /usr/local/openravenscar/lib/gcc-lib/sparc-ork-elf/2.8.1/libgcc.a(_lshrdi3.o)
                0x02023f18                __lshrdi3
 .text          0x02023f60      0x1f4 /usr/local/openravenscar/lib/gcc-lib/sparc-ork-elf/2.8.1/libgcc.a(_modsi3.o)
                0x02023f60                urem
                0x02023f6c                rem
 .text          0x02024154       0xe0 /usr/local/openravenscar/lib/gcc-lib/sparc-ork-elf/2.8.1/libgcc.a(_muldi3.o)
                0x02024154                __muldi3
 .text          0x02024234       0xe8 /usr/local/openravenscar/lib/gcc-lib/sparc-ork-elf/2.8.1/libgcc.a(_mulsi3.o)
                0x02024234                umul
 .text          0x0202431c      0x340 /usr/local/openravenscar/lib/gcc-lib/sparc-ork-elf/2.8.1/libgcc.a(_udivdi3.o)
                0x0202431c                __udivdi3
 .text          0x0202465c      0x39c /usr/local/openravenscar/lib/gcc-lib/sparc-ork-elf/2.8.1/libgcc.a(_umoddi3.o)
                0x0202465c                __umoddi3
 .text          0x020249f8      0xa48 /usr/local/openravenscar/lib/gcc-lib/sparc-ork-elf/2.8.1/libgcc.a(frame.o)
                0x0202531c                __frame_state_for
                0x020252b4                __deregister_frame_info
                0x0202528c                __register_frame_info_table
                0x02025264                __register_frame_info
 .text          0x02025440       0x20 /usr/local/openravenscar/sparc-ork-elf/lib/libc.a(abort.o)
                0x02025440                abort
 .text          0x02025460       0x1c /usr/local/openravenscar/sparc-ork-elf/lib/libc.a(atoi.o)
                0x02025460                atoi
 .text          0x0202547c        0xc /usr/local/openravenscar/sparc-ork-elf/lib/libc.a(errno.o)
                0x0202547c                __errno
 .text          0x02025488       0x8c /usr/local/openravenscar/sparc-ork-elf/lib/libc.a(exit.o)
                0x02025488                exit
 .text          0x02025514       0x90 /usr/local/openravenscar/sparc-ork-elf/lib/libc.a(fputc.o)
                0x02025514                fputc
 .text          0x020255a4       0x40 /usr/local/openravenscar/sparc-ork-elf/lib/libc.a(getenv.o)
                0x020255c4                getenv
                0x020255a4                _findenv
 .text          0x020255e4      0x100 /usr/local/openravenscar/sparc-ork-elf/lib/libc.a(getenv_r.o)
                0x020255e4                _findenv_r
                0x020256c8                _getenv_r
 .text          0x020256e4       0x1c /usr/local/openravenscar/sparc-ork-elf/lib/libc.a(gmtime.o)
                0x020256e4                gmtime
 .text          0x02025700       0x20 /usr/local/openravenscar/sparc-ork-elf/lib/libc.a(lcltime.o)
                0x02025700                localtime
 .text          0x02025720      0x21c /usr/local/openravenscar/sparc-ork-elf/lib/libc.a(lcltime_r.o)
                0x02025720                localtime_r
 .text          0x0202593c       0x38 /usr/local/openravenscar/sparc-ork-elf/lib/libc.a(malloc.o)
                0x0202593c                malloc
                0x02025958                free
 .text          0x02025974      0x774 /usr/local/openravenscar/sparc-ork-elf/lib/libc.a(mallocr.o)
                0x02025b40                _malloc_r
 .text          0x020260e8       0x80 /usr/local/openravenscar/sparc-ork-elf/lib/libc.a(memcmp.o)
                0x020260e8                memcmp
 .text          0x02026168       0xc4 /usr/local/openravenscar/sparc-ork-elf/lib/libc.a(memcpy.o)
                0x02026168                memcpy
 .text          0x0202622c       0xa4 /usr/local/openravenscar/sparc-ork-elf/lib/libc.a(memset.o)
                0x0202622c                memset
 .text          0x020262d0       0x10 /usr/local/openravenscar/sparc-ork-elf/lib/libc.a(mlock.o)
                0x020262d8                __malloc_unlock
                0x020262d0                __malloc_lock
 .text          0x020262e0       0x70 /usr/local/openravenscar/sparc-ork-elf/lib/libc.a(printf.o)
                0x02026310                printf
                0x020262e0                _printf_r
 .text          0x02026350       0x20 /usr/local/openravenscar/sparc-ork-elf/lib/libc.a(realloc.o)
                0x02026350                realloc
 .text          0x02026370      0x50c /usr/local/openravenscar/sparc-ork-elf/lib/libc.a(reallocr.o)
                0x02026370                _realloc_r
 .text          0x0202687c       0x40 /usr/local/openravenscar/sparc-ork-elf/lib/libc.a(rget.o)
                0x0202687c                __srget
 .text          0x020268bc       0x34 /usr/local/openravenscar/sparc-ork-elf/lib/libc.a(sbrkr.o)
                0x020268bc                _sbrk_r
 .text          0x020268f0       0x64 /usr/local/openravenscar/sparc-ork-elf/lib/libc.a(scanf.o)
                0x02026928                _scanf_r
                0x020268f0                scanf
 .text          0x02026954      0x24c /usr/local/openravenscar/sparc-ork-elf/lib/libc.a(signal.o)
                0x020269b0                _signal_r
                0x02026a0c                _raise_r
                0x02026aa8                __sigtramp_r
                0x02026b4c                signal
                0x02026b6c                _init_signal
                0x02026954                _init_signal_r
                0x02026b84                __sigtramp
                0x02026b30                raise
 .text          0x02026ba0       0x4c /usr/local/openravenscar/sparc-ork-elf/lib/libc.a(signalr.o)
                0x02026ba0                _kill_r
                0x02026bd8                _getpid_r
 .text          0x02026bec       0xb4 /usr/local/openravenscar/sparc-ork-elf/lib/libc.a(sprintf.o)
                0x02026bec                _sprintf_r
                0x02026c40                sprintf
 .text          0x02026ca0       0x8c /usr/local/openravenscar/sparc-ork-elf/lib/libc.a(strcat.o)
                0x02026ca0                strcat
 .text          0x02026d2c       0xb8 /usr/local/openravenscar/sparc-ork-elf/lib/libc.a(strcmp.o)
                0x02026d2c                strcmp
 .text          0x02026de4       0x8c /usr/local/openravenscar/sparc-ork-elf/lib/libc.a(strcpy.o)
                0x02026de4                strcpy
 .text          0x02026e70       0x78 /usr/local/openravenscar/sparc-ork-elf/lib/libc.a(strlen.o)
                0x02026e70                strlen
 .text          0x02026ee8       0xcc /usr/local/openravenscar/sparc-ork-elf/lib/libc.a(strncmp.o)
                0x02026ee8                strncmp
 .text          0x02026fb4       0xd4 /usr/local/openravenscar/sparc-ork-elf/lib/libc.a(strncpy.o)
                0x02026fb4                strncpy
 .text          0x02027088       0x68 /usr/local/openravenscar/sparc-ork-elf/lib/libc.a(strstr.o)
                0x02027088                strstr
 .text          0x020270f0      0x1f8 /usr/local/openravenscar/sparc-ork-elf/lib/libc.a(strtol.o)
                0x020272c4                strtol
                0x020270f0                _strtol_r
 .text          0x020272e8     0x19c4 /usr/local/openravenscar/sparc-ork-elf/lib/libc.a(vfprintf.o)
                0x020273ec                _vfprintf_r
                0x020273cc                vfprintf
 .text          0x02028cac      0xf30 /usr/local/openravenscar/sparc-ork-elf/lib/libc.a(vfscanf.o)
                0x02028cac                __svfscanf
                0x02029afc                __sccl
 .text          0x02029bdc      0x10c /usr/local/openravenscar/sparc-ork-elf/lib/libc.a(wbuf.o)
                0x02029bdc                __swbuf
 .text          0x02029ce8      0x10c /usr/local/openravenscar/sparc-ork-elf/lib/libc.a(wsetup.o)
                0x02029ce8                __swsetup
 .text          0x02029df4       0x18 /usr/local/openravenscar/sparc-ork-elf/lib/libc.a(atof.o)
                0x02029df4                atof
 .text          0x02029e0c     0x1250 /usr/local/openravenscar/sparc-ork-elf/lib/libc.a(dtoa.o)
                0x02029ff8                _dtoa_r
 .text          0x0202b05c       0x10 /usr/local/openravenscar/sparc-ork-elf/lib/libc.a(envlock.o)
                0x0202b064                __env_unlock
                0x0202b05c                __env_lock
 .text          0x0202b06c       0xf0 /usr/local/openravenscar/sparc-ork-elf/lib/libc.a(fflush.o)
                0x0202b06c                fflush
 .text          0x0202b15c      0x228 /usr/local/openravenscar/sparc-ork-elf/lib/libc.a(findfp.o)
                0x0202b314                __sinit
                0x0202b1b8                __sfmoreglue
                0x0202b2fc                _cleanup
                0x0202b2e0                _cleanup_r
                0x0202b210                __sfp
 .text          0x0202b384       0xcc /usr/local/openravenscar/sparc-ork-elf/lib/libc.a(fread.o)
                0x0202b384                fread
 .text          0x0202b450      0x3c0 /usr/local/openravenscar/sparc-ork-elf/lib/libc.a(freer.o)
                0x0202b450                _free_r
                0x0202b6ec                _malloc_trim_r
 .text          0x0202b810      0x380 /usr/local/openravenscar/sparc-ork-elf/lib/libc.a(fvwrite.o)
                0x0202b810                __sfvwrite
 .text          0x0202bb90       0x60 /usr/local/openravenscar/sparc-ork-elf/lib/libc.a(fwalk.o)
                0x0202bb90                _fwalk
 .text          0x0202bbf0       0xa4 /usr/local/openravenscar/sparc-ork-elf/lib/libc.a(locale.o)
                0x0202bbf0                _setlocale_r
                0x0202bc50                _localeconv_r
                0x0202bc5c                setlocale
                0x0202bc7c                localeconv
 .text          0x0202bc94      0x144 /usr/local/openravenscar/sparc-ork-elf/lib/libc.a(makebuf.o)
                0x0202bc94                __smakebuf
 .text          0x0202bdd8       0x58 /usr/local/openravenscar/sparc-ork-elf/lib/libc.a(mbtowc_r.o)
                0x0202bdd8                _mbtowc_r
 .text          0x0202be30       0xd4 /usr/local/openravenscar/sparc-ork-elf/lib/libc.a(memchr.o)
                0x0202be30                memchr
 .text          0x0202bf04      0x110 /usr/local/openravenscar/sparc-ork-elf/lib/libc.a(memmove.o)
                0x0202bf04                memmove
 .text          0x0202c014      0xd14 /usr/local/openravenscar/sparc-ork-elf/lib/libc.a(mprec.o)
                0x0202ccdc                _mprec_log10
                0x0202c288                _hi0bits
                0x0202c014                _Balloc
                0x0202cb18                _d2b
                0x0202c3f8                _multiply
                0x0202cc4c                _ratio
                0x0202c1c8                _s2b
                0x0202c3d4                _i2b
                0x0202c308                _lo0bits
                0x0202c7c8                __mcmp
                0x0202c5e4                _pow5mult
                0x0202c98c                _ulp
                0x0202ca18                _b2d
                0x0202c0e4                _multadd
                0x0202c830                __mdiff
                0x0202c6cc                _lshift
                0x0202c0ac                _Bfree
 .text          0x0202cd28      0x19c /usr/local/openravenscar/sparc-ork-elf/lib/libc.a(refill.o)
                0x0202cd3c                __srefill
 .text          0x0202cec4       0x38 /usr/local/openravenscar/sparc-ork-elf/lib/libc.a(s_isinf.o)
                0x0202cec4                isinf
 .text          0x0202cefc      0x104 /usr/local/openravenscar/sparc-ork-elf/lib/libc.a(stdio.o)
                0x0202cf98                __sseek
                0x0202cefc                __sread
                0x0202cfe8                __sclose
                0x0202cf48                __swrite
 .text          0x0202d000      0xedc /usr/local/openravenscar/sparc-ork-elf/lib/libc.a(strtod.o)
                0x0202d000                _strtod_r
                0x0202dec0                strtodf
                0x0202dea0                strtod
 .text          0x0202dedc      0x1d8 /usr/local/openravenscar/sparc-ork-elf/lib/libc.a(strtoul.o)
                0x0202e090                strtoul
                0x0202dedc                _strtoul_r
 .text          0x0202e0b4      0x228 /usr/local/openravenscar/sparc-ork-elf/lib/libc.a(ungetc.o)
                0x0202e164                ungetc
                0x0202e0b4                __submore
 .text          0x0202e2dc       0x3c /usr/local/openravenscar/sparc-ork-elf/lib/libc.a(writer.o)
                0x0202e2dc                _write_r
 .text          0x0202e318       0xa8 /usr/local/openravenscar/sparc-ork-elf/lib/libc.a(callocr.o)
                0x0202e318                _calloc_r
 .text          0x0202e3c0       0x34 /usr/local/openravenscar/sparc-ork-elf/lib/libc.a(closer.o)
                0x0202e3c0                _close_r
 .text          0x0202e3f4       0x38 /usr/local/openravenscar/sparc-ork-elf/lib/libc.a(fstatr.o)
                0x0202e3f4                _fstat_r
 .text          0x0202e42c       0x3c /usr/local/openravenscar/sparc-ork-elf/lib/libc.a(lseekr.o)
                0x0202e42c                _lseek_r
 .text          0x0202e468       0x3c /usr/local/openravenscar/sparc-ork-elf/lib/libc.a(readr.o)
                0x0202e468                _read_r
 .text          0x0202e4a4      0x134 /usr/local/openravenscar/sparc-ork-elf/lib/libork.a(ada_exceptions.o)
                0x0202e4a4                Instruction_Access_Exception
                0x0202e580                Division_By_Zero
                0x0202e554                Stack_Overflow
                0x0202e4d0                Illegal_Instruction
                0x0202e5ac                Integer_Overflow
                0x0202e528                FP_Exception
                0x0202e4fc                Address_Not_Aligned
 .text          0x0202e5d8       0x1c /usr/local/openravenscar/sparc-ork-elf/lib/libork.a(close.o)
                0x0202e5d8                close
 .text          0x0202e5f4       0x30 /usr/local/openravenscar/sparc-ork-elf/lib/libork.a(execv.o)
                0x0202e5f4                execv
 .text          0x0202e624       0x28 /usr/local/openravenscar/sparc-ork-elf/lib/libork.a(fork.o)
                0x0202e624                fork
 .text          0x0202e64c       0x30 /usr/local/openravenscar/sparc-ork-elf/lib/libork.a(fstat.o)
                0x0202e64c                fstat
 .text          0x0202e67c       0x30 /usr/local/openravenscar/sparc-ork-elf/lib/libork.a(getcwd.o)
                0x0202e67c                getcwd
 .text          0x0202e6ac       0x30 /usr/local/openravenscar/sparc-ork-elf/lib/libork.a(getpid.o)
                0x0202e6ac                getpid
                0x0202e6c4                getppid
 .text          0x0202e6dc       0x84 /usr/local/openravenscar/sparc-ork-elf/lib/libork.a(isatty.o)
                0x0202e6dc                isatty
 .text          0x0202e760       0x3c /usr/local/openravenscar/sparc-ork-elf/lib/libork.a(kill.o)
                0x0202e760                kill
 .text          0x0202e79c       0x30 /usr/local/openravenscar/sparc-ork-elf/lib/libork.a(link.o)
                0x0202e79c                link
 .text          0x0202e7cc       0x34 /usr/local/openravenscar/sparc-ork-elf/lib/libork.a(lseek.o)
                0x0202e7cc                lseek
 .text          0x0202e800       0x34 /usr/local/openravenscar/sparc-ork-elf/lib/libork.a(open.o)
                0x0202e800                open
 .text          0x0202e834      0x148 /usr/local/openravenscar/sparc-ork-elf/lib/libork.a(read.o)
                0x0202e834                read
 .text          0x0202e97c       0x34 /usr/local/openravenscar/sparc-ork-elf/lib/libork.a(readdir.o)
                0x0202e97c                readdir
 .text          0x0202e9b0       0x20 /usr/local/openravenscar/sparc-ork-elf/lib/libork.a(mkdir.o)
                0x0202e9b0                mkdir
 .text          0x0202e9d0       0xb0 /usr/local/openravenscar/sparc-ork-elf/lib/libork.a(sbrk.o)
                0x0202e9d0                sbrk
 .text          0x0202ea80       0x30 /usr/local/openravenscar/sparc-ork-elf/lib/libork.a(stat.o)
                0x0202ea80                stat
 .text          0x0202eab0       0x2c /usr/local/openravenscar/sparc-ork-elf/lib/libork.a(unlink.o)
                0x0202eab0                unlink
 .text          0x0202eadc       0x2c /usr/local/openravenscar/sparc-ork-elf/lib/libork.a(wait.o)
                0x0202eadc                wait
 .text          0x0202eb08       0xec /usr/local/openravenscar/sparc-ork-elf/lib/libork.a(write.o)
                0x0202eb08                write
 *fill*         0x0202ebf4        0xc
                0x0202ec00                .=ALIGN(0x10)
 *(.eh_frame)
 .eh_frame      0x0202ec00      0x11c /usr/local/openravenscar/lib/gcc-lib/sparc-ork-elf/2.8.1/adalib/libgnat.a(a-init.o)
 .eh_frame      0x0202ed1c       0x24 /usr/local/openravenscar/lib/gcc-lib/sparc-ork-elf/2.8.1/libgcc.a(__dummy.o)
 .eh_frame      0x0202ed40       0x24 /usr/local/openravenscar/lib/gcc-lib/sparc-ork-elf/2.8.1/libgcc.a(_ashldi3.o)
 .eh_frame      0x0202ed64       0x24 /usr/local/openravenscar/lib/gcc-lib/sparc-ork-elf/2.8.1/libgcc.a(_cmpdi2.o)
 .eh_frame      0x0202ed88       0x2c /usr/local/openravenscar/lib/gcc-lib/sparc-ork-elf/2.8.1/libgcc.a(_divdi3.o)
 .eh_frame      0x0202edb4       0x2c /usr/local/openravenscar/lib/gcc-lib/sparc-ork-elf/2.8.1/libgcc.a(_fixsfdi.o)
 .eh_frame      0x0202ede0       0x2c /usr/local/openravenscar/lib/gcc-lib/sparc-ork-elf/2.8.1/libgcc.a(_fixunsdfdi.o)
 .eh_frame      0x0202ee0c       0x2c /usr/local/openravenscar/lib/gcc-lib/sparc-ork-elf/2.8.1/libgcc.a(_fixunssfdi.o)
 .eh_frame      0x0202ee38       0x28 /usr/local/openravenscar/lib/gcc-lib/sparc-ork-elf/2.8.1/libgcc.a(_floatdidf.o)
 .eh_frame      0x0202ee60       0x28 /usr/local/openravenscar/lib/gcc-lib/sparc-ork-elf/2.8.1/libgcc.a(_floatdisf.o)
 .eh_frame      0x0202ee88       0x24 /usr/local/openravenscar/lib/gcc-lib/sparc-ork-elf/2.8.1/libgcc.a(_lshrdi3.o)
 .eh_frame      0x0202eeac       0x2c /usr/local/openravenscar/lib/gcc-lib/sparc-ork-elf/2.8.1/libgcc.a(_muldi3.o)
 .eh_frame      0x0202eed8       0x2c /usr/local/openravenscar/lib/gcc-lib/sparc-ork-elf/2.8.1/libgcc.a(_udivdi3.o)
 .eh_frame      0x0202ef04       0x2c /usr/local/openravenscar/lib/gcc-lib/sparc-ork-elf/2.8.1/libgcc.a(_umoddi3.o)
 .eh_frame      0x0202ef30      0x11c /usr/local/openravenscar/lib/gcc-lib/sparc-ork-elf/2.8.1/libgcc.a(frame.o)
 *fill*         0x0202f04c        0x4
                0x0202f050                .=ALIGN(0x10)
 *(.rodata)
 .rodata        0x0202f050      0x23c ./devices.o
 *fill*         0x0202f28c        0x4
 .rodata        0x0202f290       0x4c ./workload.o
 *fill*         0x0202f2dc        0x4
 .rodata        0x0202f2e0       0x52 ./tools.o
 *fill*         0x0202f332        0x6
 .rodata        0x0202f338       0x24 ./head_task.o
 *fill*         0x0202f35c        0x4
 .rodata        0x0202f360       0x30 ./distance_task.o
 .rodata        0x0202f390       0x17 ./display_task.o
 *fill*         0x0202f3a7        0x1
 .rodata        0x0202f3a8       0x1c ./add.o
 .rodata        0x0202f3c4        0x8 /usr/local/openravenscar/lib/gcc-lib/sparc-ork-elf/2.8.1/adalib/libgnarl.a(a-reatim.o)
 .rodata        0x0202f3cc        0x8 /usr/local/openravenscar/lib/gcc-lib/sparc-ork-elf/2.8.1/adalib/libgnarl.a(a-retide.o)