Archive member included       because of file (symbol)

/usr/local/openravenscar/lib/gcc-lib/sparc-ork-elf/2.8.1/adalib/libgnarl.a(a-reatim.o)
                              ./devices.o (ada__real_time__clock)
/usr/local/openravenscar/lib/gcc-lib/sparc-ork-elf/2.8.1/adalib/libgnarl.a(a-retide.o)
                              ./pulse_interrupt.o (ada__real_time__delays__delay_until)
/usr/local/openravenscar/lib/gcc-lib/sparc-ork-elf/2.8.1/adalib/libgnarl.a(s-interr.o)
                              b~main.o (system__interrupts___elabs)
/usr/local/openravenscar/lib/gcc-lib/sparc-ork-elf/2.8.1/adalib/libgnarl.a(s-osinte.o)
                              /usr/local/openravenscar/lib/gcc-lib/sparc-ork-elf/2.8.1/adalib/libgnarl.a(s-interr.o) (system__os_interface__attach_handler)
/usr/local/openravenscar/lib/gcc-lib/sparc-ork-elf/2.8.1/adalib/libgnarl.a(s-taprob.o)
                              ./devices.o (system__tasking__protected_objects__initialize_protection)
/usr/local/openravenscar/lib/gcc-lib/sparc-ork-elf/2.8.1/adalib/libgnarl.a(s-taprop.o)
                              /usr/local/openravenscar/lib/gcc-lib/sparc-ork-elf/2.8.1/adalib/libgnarl.a(a-retide.o) (system__task_primitives__operations__self)
/usr/local/openravenscar/lib/gcc-lib/sparc-ork-elf/2.8.1/adalib/libgnarl.a(s-tarest.o)
                              ./pulse_interrupt.o (system__tasking__restricted__stages__create_restricted_task)
/usr/local/openravenscar/lib/gcc-lib/sparc-ork-elf/2.8.1/adalib/libgnarl.a(s-tasdeb.o)
                              b~main.o (system__tasking__debug___elabs)
/usr/local/openravenscar/lib/gcc-lib/sparc-ork-elf/2.8.1/adalib/libgnarl.a(s-taskin.o)
                              /usr/local/openravenscar/lib/gcc-lib/sparc-ork-elf/2.8.1/adalib/libgnarl.a(s-tasdeb.o) (system__tasking__task_statesT)
/usr/local/openravenscar/lib/gcc-lib/sparc-ork-elf/2.8.1/adalib/libgnarl.a(s-taspri.o)
                              /usr/local/openravenscar/lib/gcc-lib/sparc-ork-elf/2.8.1/adalib/libgnarl.a(s-taskin.o) (system__task_primitives___init_proc)
/usr/local/openravenscar/lib/gcc-lib/sparc-ork-elf/2.8.1/adalib/libgnarl.a(s-tposen.o)
                              /usr/local/openravenscar/lib/gcc-lib/sparc-ork-elf/2.8.1/adalib/libgnarl.a(s-interr.o) (system__tasking__protected_objects__single_entry__protection_entryP)
/usr/local/openravenscar/lib/gcc-lib/sparc-ork-elf/2.8.1/adalib/libgnarl.a(kernel-interrupts.o)
                              /usr/local/openravenscar/lib/gcc-lib/sparc-ork-elf/2.8.1/adalib/libgnarl.a(s-osinte.o) (kernel_attach_interrupt_handler)
/usr/local/openravenscar/lib/gcc-lib/sparc-ork-elf/2.8.1/adalib/libgnarl.a(kernel-threads.o)
                              b~main.o (kernel__threads___elabs)
/usr/local/openravenscar/lib/gcc-lib/sparc-ork-elf/2.8.1/adalib/libgnarl.a(kernel-threads-atcb.o)
                              /usr/local/openravenscar/lib/gcc-lib/sparc-ork-elf/2.8.1/adalib/libgnarl.a(s-taprop.o) (kernel__threads__atcb__set_atcb)
/usr/local/openravenscar/lib/gcc-lib/sparc-ork-elf/2.8.1/adalib/libgnarl.a(kernel-threads-queues.o)
                              /usr/local/openravenscar/lib/gcc-lib/sparc-ork-elf/2.8.1/adalib/libgnarl.a(s-taprop.o) (running_thread)
/usr/local/openravenscar/lib/gcc-lib/sparc-ork-elf/2.8.1/adalib/libgnarl.a(kernel-threads-protection.o)
                              /usr/local/openravenscar/lib/gcc-lib/sparc-ork-elf/2.8.1/adalib/libgnarl.a(kernel-threads.o) (kernel__threads__protection__dispatch)
/usr/local/openravenscar/lib/gcc-lib/sparc-ork-elf/2.8.1/adalib/libgnarl.a(kernel-time.o)
                              /usr/local/openravenscar/lib/gcc-lib/sparc-ork-elf/2.8.1/adalib/libgnarl.a(s-taprop.o) (kernel_clock)
/usr/local/openravenscar/lib/gcc-lib/sparc-ork-elf/2.8.1/adalib/libgnarl.a(kernel-memory.o)
                              /usr/local/openravenscar/sparc-ork-elf/lib/ada_crt0.o (environment_stack)
/usr/local/openravenscar/lib/gcc-lib/sparc-ork-elf/2.8.1/adalib/libgnarl.a(kernel-cpu_primitives.o)
                              /usr/local/openravenscar/lib/gcc-lib/sparc-ork-elf/2.8.1/adalib/libgnarl.a(kernel-threads-protection.o) (kernel__cpu_primitives__context_switch)
/usr/local/openravenscar/lib/gcc-lib/sparc-ork-elf/2.8.1/adalib/libgnarl.a(kernel-peripherals-registers.o)
                              ./force_external_interrupt_2.o (kernel__peripherals__registers__test_control)
/usr/local/openravenscar/lib/gcc-lib/sparc-ork-elf/2.8.1/adalib/libgnarl.a(kernel-peripherals.o)
                              /usr/local/openravenscar/lib/gcc-lib/sparc-ork-elf/2.8.1/adalib/libgnarl.a(kernel-interrupts.o) (kernel__peripherals__to_vector)
/usr/local/openravenscar/lib/gcc-lib/sparc-ork-elf/2.8.1/adalib/libgnarl.a(kernel-serial_output.o)
                              ./pulse_interrupt.o (kernel__serial_output__put__2)
/usr/local/openravenscar/lib/gcc-lib/sparc-ork-elf/2.8.1/adalib/libgnarl.a(context.o)
[...]
Memory Configuration

Name             Origin             Length             Attributes
rom              0x00000000         0x00200000         xr
ram              0x02000000         0x003f8000         xrw
*default*        0x00000000         0xffffffff

Linker script and memory map

                0x00200000                PROM_SIZE=0x200000
                0x00400000                RAM_SIZE=0x400000
                0x00000000                PROM_START=0x0
                0x00200000                PROM_END=(PROM_START+PROM_SIZE)
                0x02000000                RAM_START=0x2000000
                0x02400000                RAM_END=(RAM_START+RAM_SIZE)

.text           0x02000000    0x48740
 CREATE_OBJECT_SYMBOLS
                0x02000000                text_start=.
 *(.text)
 .text          0x02000000     0x1384 /usr/local/openravenscar/sparc-ork-elf/lib/ada_crt0.o
                0x020011bc                __exit
                0x02000000                trap_table
                0x02000000                start
                0x020011bc                _exit
 .text          0x02001384      0x2d4 b~main.o
                0x02001640                ada_main___elabb
                0x02001384                adainit
                0x020015c0                main
                0x020015a4                adafinal
 .text          0x02001658       0x1c ./main.o
                0x02001658                _ada_main
 .text          0x02001674       0x98 ./force_external_interrupt_2.o
                0x02001674                _ada_force_external_interrupt_2
 .text          0x0200170c      0x5a4 ./pulse_interrupt.o
                0x02001c7c                pulse_interrupt___elabb
                0x02001788                pulse_interrupt___elabs
                0x0200170c                pulse_interrupt___init_proc
                0x020019dc                pulse_interrupt__interruptTKB
 .text          0x02001cb0     0x516c ./devices.o
                0x0200530c                devices___init_proc__6
                0x02005fbc                devices__display_distance
                0x0200654c                devices__display_symptom
                0x02006264                devices__display_electrodes_sample
                0x02001e4c                devices__reading_sensors
                0x02003bec                devices__reading_speed
                0x02006178                devices__display_headposition_sample
                0x020060e4                devices__display_steering
                0x02004758                devices___init_proc__5
                0x02001dec                devices___init_proc
                0x02002fc0                devices___init_proc__3
                0x02006a70                devices(bool,...)(...)( *)
                0x0200245c                devices__reading_eyesimage
                0x02006050                devices__display_speed
                0x02006da4                devices___elabb
                0x02006d48                devices__activate_brake
                0x0200536c                devices__reading_steering
                0x02006610                devices__display_cronometro
                0x02006988                devices__light
                0x02003b8c                devices___init_proc__4
                0x020047b8                devices__reading_headposition
                0x02003020                devices__reading_distance
                0x02006cec                devices__activate_automatic_driving
                0x020023fc                devices___init_proc__2
                0x02001cb0                devices___elabs
                0x02006350                devices__display_eyes_sample
                0x02005ed8                devices__display_pulse_rate
 .text          0x02006e1c      0x9a8 ./workload.o
                0x02006e1c                workload___elabs
                0x0200721c                workload__small_whetstone
                0x020077ac                workload___elabb
 .text          0x020077c4      0x848 ./tools.o
                0x02007fdc                tools___elabb
                0x02007f68                tools__execution_time
                0x02007eb8                tools__finishing_notice
                0x02007e08                tools__starting_notice
                0x020077c4                tools___elabs
                0x02007ab0                tools__print_an_integer
                0x02007c68                tools__print_a_float
                0x02007810                tools__current_time
 .text          0x0200800c     0x42e0 ./driver.o
                0x0200b8f4                driver__measuresPT__read_speedN
                0x02008918                driver__steeringTKB
                0x0200a7c0                driver__symptomsPT__write_headpositionP
                0x0200ba18                driver__measuresPT__show_speedP
                0x0200aab4                driver__symptomsPT__write_steering_symptomP
                0x0200be78                driver__measuresPT__show_distanceP
                0x02008180                driver___init_proc__4
                0x020084fc                driver__distanceTKB
                0x02008fb4                driver__symptomsPT__write_head_symptomN
                0x020097fc                driver__symptomsPT__read_steeringN
                0x0200b238                driver__symptomsPT__read_distancia_inseguraP
                0x0200939c                driver__symptomsPT__read_peligro_colisionN
                0x020094bc                driver__symptomsPT__read_steering_symptomN
                0x02008220                driver___elabs
                0x0200b8ac                driver__measuresPT__show_distanceN
                0x02008104                driver___init_proc__3
                0x0200a64c                driver__symptomsPT__read_headpositionP
                0x0200b950                driver__measuresPT__write_speedN
                0x0200bfe4                driver__measuresPT__write_distanceP
                0x020095d4                driver__symptomsPT__read_headpositionN
                0x0200903c                driver__symptomsPT__read_head_symptomN
                0x02009778                driver__symptomsPT__write_steeringN
                0x02009554                driver__symptomsPT__write_headpositionN
                0x020091f4                driver__symptomsPT__write_distancia_imprudenteN
                0x0200a92c                driver__symptomsPT__read_steering_symptomP
                0x02009434                driver__symptomsPT__write_steering_symptomN
                0x0200b864                driver__measuresPT__write_distanceN
                0x0200adb8                driver__symptomsPT__write_peligro_colisionP
                0x0200a1ec                driver__symptomsPT__show_symptomsP
                0x0200915c                driver__symptomsPT__read_distancia_inseguraN
                0x0200af34                driver__symptomsPT__read_distancia_imprudenteP
                0x0200c150                driver__measuresPT__read_distanceP
                0x0200c2a0                driver___elabb
                0x0200bb84                driver__measuresPT__write_speedP
                0x020099fc                driver__symptomsPT__show_symptomsN
                0x020090d4                driver__symptomsPT__write_distancia_inseguraN
                0x020081e4                driver___init_proc__5
                0x0200b808                driver__measuresPT__read_distanceN
                0x0200b3c0                driver__symptomsPT__write_distancia_inseguraP
                0x0200bcf0                driver__measuresPT__read_speedP
                0x02009314                driver__symptomsPT__write_peligro_colisionN
                0x0200800c                driver___init_proc
                0x0200b998                driver__measuresPT__show_speedN
                0x0200a4e0                driver__symptomsPT__write_steeringP
                0x0200927c                driver__symptomsPT__read_distancia_imprudenteN
                0x0200b0bc                driver__symptomsPT__write_distancia_imprudenteP
                0x02008c10                driver__headTKB
                0x0200b6c4                driver__symptomsPT__write_head_symptomP
                0x02008088                driver___init_proc__2
                0x0200ac30                driver__symptomsPT__read_peligro_colisionP
                0x0200b53c                driver__symptomsPT__read_head_symptomP
                0x0200a358                driver__symptomsPT__read_steeringP
 .text          0x0200c2ec     0x1a68 ./state.o
                0x0200c4c0                state___init_proc__5
                0x0200c368                state___init_proc__2
                0x0200d318                state__operation_modePT__write_modeP
                0x0200cb10                state__risksTKB
                0x0200d8e4                state__sporadic_taskTKB
                0x0200d0cc                state__operation_modePT__write_modeN
                0x0200d520                state__interruption_handlerPT__E13s
                0x0200c53c                state___elabs
                0x0200c3e4                state___init_proc__3
                0x0200c88c                state__displayTKB
                0x0200d760                state__interruption_handlerPT__validate_entryP
                0x0200d454                state__interruption_handlerPT__B14s
                0x0200c428                state___init_proc__4
                0x0200dd08                state___elabb
                0x0200d108                state__operation_modePT__read_modeN
                0x0200c2ec                state___init_proc
                0x0200d190                state__operation_modePT__read_modeP
                0x0200d4e8                state__interruption_handlerPT__validate_entryN
 .text          0x0200dd54       0xa4 ./add.o
                0x0200dd54                add__background
                0x0200dd90                add___elabb
 .text          0x0200ddf8      0x5e4 /usr/local/openravenscar/lib/gcc-lib/sparc-ork-elf/2.8.1/adalib/libgnarl.a(a-reatim.o)
                0x0200de24                ada__real_time__Oadd__2
                0x0200dff8                ada__real_time__split
                0x0200de14                ada__real_time__Oadd
                0x0200de74                ada__real_time__Osubtract__4
                0x0200df78                ada__real_time__nanoseconds
                0x0200dee4                ada__real_time__Odivide__2
                0x0200dea0                ada__real_time__Odivide
                0x0200de54                ada__real_time__Osubtract__2
                0x0200df68                ada__real_time__to_duration
                0x0200e310                ada__real_time__time_of
                0x0200de34                ada__real_time__Oadd__3
                0x0200dfc8                ada__real_time__milliseconds
                0x0200ddf8                ada__real_time__clock
                0x0200df9c                ada__real_time__microseconds
                0x0200de44                ada__real_time__Osubtract
                0x0200de64                ada__real_time__Osubtract__3
                0x0200df70                ada__real_time__to_time_span
                0x0200df3c                ada__real_time__Omultiply__2
                0x0200df10                ada__real_time__Omultiply
 .text          0x0200e3dc       0x68 /usr/local/openravenscar/lib/gcc-lib/sparc-ork-elf/2.8.1/adalib/libgnarl.a(a-retide.o)
                0x0200e420                ada__real_time__delays__to_duration
                0x0200e3dc                ada__real_time__delays__delay_until
 .text          0x0200e444      0xcc4 /usr/local/openravenscar/lib/gcc-lib/sparc-ork-elf/2.8.1/adalib/libgnarl.a(s-interr.o)
                0x0200e700                system__interrupts__is_reserved
                0x0200e468                system__interrupts___elabs
                0x0200ee98                system__interrupts__install_handlers
                0x0200e554                system__interrupts__ada_interrupt_wrapper
                0x0200e778                system__interrupts__current_handler__3
                0x0200f014                system__interrupts___init_proc__4
                0x0200f020                system__interrupts___init_proc__5
                0x0200efc0                system__interrupts___init_proc__2
                0x0200ee30                system__interrupts__reference
                0x0200e638                system__interrupts__register_interrupt_handler
                0x0200f0f0                system__interrupts___init_proc__7
                0x0200efb8                system__interrupts___init_proc
                0x0200ec54                system__interrupts__detach_handler__3
                0x0200e9fc                system__interrupts__exchange_handler
                0x0200e7f4                system__interrupts__attach_handler__3
                0x0200e714                system__interrupts__is_handler_attached
                0x0200e68c                system__interrupts__is_registered
                0x0200f0fc                system__interrupts___init_proc__8
                0x0200ee60                system__interrupts__finalize
                0x0200ef50                system__interrupts___elabb
                0x0200e444                system__interrupts___size
                0x0200efcc                system__interrupts___init_proc__3
                0x0200ee90                system__interrupts__has_interrupt_or_attach_handler
                0x0200f070                system__interrupts___init_proc__6
 .text          0x0200f108       0x54 /usr/local/openravenscar/lib/gcc-lib/sparc-ork-elf/2.8.1/adalib/libgnarl.a(s-osinte.o)
                0x0200f134                system__os_interface__detach_handler
                0x0200f108                system__os_interface__priority_of_interrupt
                0x0200f11c                system__os_interface__attach_handler
                0x0200f148                system__os_interface__current_handler
 .text          0x0200f15c      0x10c /usr/local/openravenscar/lib/gcc-lib/sparc-ork-elf/2.8.1/adalib/libgnarl.a(s-taprob.o)
                0x0200f248                system__tasking__protected_objects___init_proc
                0x0200f218                system__tasking__protected_objects__unlock
                0x0200f188                system__tasking__protected_objects__lock
                0x0200f254                system__tasking__protected_objects___init_proc__2
                0x0200f15c                system__tasking__protected_objects__initialize_protection
                0x0200f1d0                system__tasking__protected_objects__lock_read_only
                0x0200f230                system__tasking__protected_objects__finalize_protection
 .text          0x0200f268      0x978 /usr/local/openravenscar/lib/gcc-lib/sparc-ork-elf/2.8.1/adalib/libgnarl.a(s-taprop.o)
                0x0200f4e8                system__task_primitives__operations__get_priority
                0x0200f360                system__task_primitives__operations__unlock__2
                0x0200f6c0                system__task_primitives__operations__check_no_locks
                0x0200f2e4                system__task_primitives__operations__write_lock
                0x0200f720                system__task_primitives__operations__resume_task
                0x0200f7a0                system__task_primitives__operations___elabb
                0x0200f42c                system__task_primitives__operations__clock
                0x0200f300                system__task_primitives__operations__write_lock__2
                0x0200f2a0                system__task_primitives__operations__get_thread_id
                0x0200f3b4                system__task_primitives__operations__timed_delay
                0x0200f4c8                system__task_primitives__operations__set_priority
                0x0200f390                system__task_primitives__operations__timed_sleep
                0x0200f284                system__task_primitives__operations__self
                0x0200f378                system__task_primitives__operations__sleep
                0x0200f6a4                system__task_primitives__operations__set_exit_task_procedure
                0x0200f34c                system__task_primitives__operations__unlock
                0x0200f6d8                system__task_primitives__operations__environment_task
                0x0200f2ac                system__task_primitives__operations__initialize_lock
                0x0200f9d4                system__task_primitives__operations___init_proc
                0x0200f688                system__task_primitives__operations__exit_task
                0x0200f450                system__task_primitives__operations__wakeup
                0x0200f268                system__task_primitives__operations__set
                0x0200f6b0                system__task_primitives__operations__abort_task
                0x0200f6e4                system__task_primitives__operations__lock_all_tasks_list
                0x0200f318                system__task_primitives__operations__write_lock__3
                0x0200f678                system__task_primitives__operations__finalize_tcb
                0x0200f564                system__task_primitives__operations__new_atcb
                0x0200f718                system__task_primitives__operations__suspend_task
                0x0200f464                system__task_primitives__operations__yield
                0x0200f700                system__task_primitives__operations__unlock_all_tasks_list
                0x0200f728                system__task_primitives__operations__initialize
                0x0200f6b8                system__task_primitives__operations__check_exit
                0x0200f5dc                system__task_primitives__operations__initialize_tcb
                0x0200f298                system__task_primitives__operations__stack_guard
                0x0200f2dc                system__task_primitives__operations__finalize_lock
                0x0200f680                system__task_primitives__operations__default_exit_task_procedure
                0x0200f618                system__task_primitives__operations__create_task
                0x0200f2c4                system__task_primitives__operations__initialize_lock__2
                0x0200f330                system__task_primitives__operations__read_lock
                0x0200f500                system__task_primitives__operations__enter_task
 .text          0x0200fbe0      0x924 /usr/local/openravenscar/lib/gcc-lib/sparc-ork-elf/2.8.1/adalib/libgnarl.a(s-tarest.o)
                0x0200fe54                system__tasking__restricted__stages__create_restricted_task
                0x02010354                system__tasking__restricted__stages__restricted_terminated
                0x02010064                system__tasking__restricted__stages__activate_restricted_tasks
                0x02010224                system__tasking__restricted__stages__complete_restricted_activation
                0x02010368                system__tasking__restricted__stages__finalize_global_tasks
                0x020103bc                system__tasking__restricted__stages___elabb
                0x020102f4                system__tasking__restricted__stages__complete_restricted_task
 .text          0x02010504      0xf44 /usr/local/openravenscar/lib/gcc-lib/sparc-ork-elf/2.8.1/adalib/libgnarl.a(s-tasdeb.o)
                0x0201117c                system__tasking__debug__image
                0x02011420                system__tasking__debug___init_proc__2
                0x02010e58                system__tasking__debug__print_current_task
                0x020110cc                system__tasking__debug__trace__2
                0x02010504                system__tasking__debug___elabs
                0x02010e74                system__tasking__debug__list_tasks
                0x02011324                system__tasking__debug__resume_all_tasks
                0x0201057c                system__tasking__debug__set_user_state
                0x02010ca4                system__tasking__debug__print_task_info_header
                0x020113e0                system__tasking__debug___init_proc
                0x02010568                system__tasking__debug__self
                0x0201135c                system__tasking__debug___elabb
                0x02010eb4                system__tasking__debug__print_accept_info
                0x02011168                system__tasking__debug__set_trace
                0x02010f78                system__tasking__debug__trace
                0x02011100                system__tasking__debug__trace__3
                0x02011134                system__tasking__debug__trace__4
                0x02010864                system__tasking__debug__print_task_info
                0x02010560                system__tasking__debug__task_termination_hook
                0x02010558                system__tasking__debug__task_creation_hook
                0x020112ec                system__tasking__debug__suspend_all_tasks
 .text          0x02011448      0x75c /usr/local/openravenscar/lib/gcc-lib/sparc-ork-elf/2.8.1/adalib/libgnarl.a(s-taskin.o)
                0x0201185c                system__tasking___init_proc__3
                0x02011b04                system__tasking___init_proc__8
                0x02011ac4                system__tasking___init_proc__7
                0x02011448                system__tasking__self
                0x02011824                system__tasking___init_proc__2
                0x02011584                system__tasking___elabb
                0x020118d8                system__tasking___init_proc__4
                0x02011b10                system__tasking___init_proc__9
                0x020117d0                system__tasking___init_proc
                0x0201192c                system__tasking___init_proc__6
                0x0201145c                system__tasking__initialize_atcb
                0x020118e4                system__tasking___init_proc__5
 .text          0x02011ba4       0x14 /usr/local/openravenscar/lib/gcc-lib/sparc-ork-elf/2.8.1/adalib/libgnarl.a(s-taspri.o)
                0x02011ba4                system__task_primitives___init_proc
 .text          0x02011bb8      0x8cc /usr/local/openravenscar/lib/gcc-lib/sparc-ork-elf/2.8.1/adalib/libgnarl.a(s-tposen.o)
                0x02011df8                system__tasking__protected_objects__single_entry__check_exception
                0x02011bd8                system__tasking__protected_objects__single_entry___elabs
                0x02011bb8                system__tasking__protected_objects__single_entry___size
                0x02011f00                system__tasking__protected_objects__single_entry__po_do_or_queue
                0x0201232c                system__tasking__protected_objects__single_entry__timed_protected_single_entry_call
                0x02011bd0                system__tasking__protected_objects__single_entry___deep_finalize
                0x02011d60                system__tasking__protected_objects__single_entry__wait_for_completion
                0x02011e1c                system__tasking__protected_objects__single_entry__initialize_protection_entry
                0x02011ea0                system__tasking__protected_objects__single_entry__lock_read_only_entry
                0x02012428                system__tasking__protected_objects__single_entry__protected_count_entry
                0x02012414                system__tasking__protected_objects__single_entry__complete_single_entry_body
                0x02012090                system__tasking__protected_objects__single_entry__service_entry
                0x02012440                system__tasking__protected_objects__single_entry__protected_single_entry_caller
                0x02011e58                system__tasking__protected_objects__single_entry__lock_entry
                0x02011ee8                system__tasking__protected_objects__single_entry__unlock_entry
                0x0201221c                system__tasking__protected_objects__single_entry__protected_single_entry_call
                0x02011d08                system__tasking__protected_objects__single_entry__send_program_error
                0x02011d44                system__tasking__protected_objects__single_entry__wakeup_entry_caller
                0x020120ac                system__tasking__protected_objects__single_entry__po_service_entry
                0x0201241c                system__tasking__protected_objects__single_entry__exceptional_complete_single_entry_body
                0x02011d88                system__tasking__protected_objects__single_entry__wait_for_completion_with_timeout
                0x02012454                system__tasking__protected_objects__single_entry___init_proc
 .text          0x02012484      0x1f0 /usr/local/openravenscar/lib/gcc-lib/sparc-ork-elf/2.8.1/adalib/libgnarl.a(kernel-interrupts.o)
                0x0201254c                kernel_detach_interrupt_handler
                0x02012594                kernel__interrupts___elabb
                0x02012484                kernel__interrupts__null_handler
                0x0201248c                kernel__interrupts__wrapper
                0x02012574                kernel_current_interrupt_handler
                0x020124ec                kernel_attach_interrupt_handler
                0x02012618                kernel__interrupts___init_proc__2
                0x02012600                kernel__interrupts___init_proc
 .text          0x02012674      0x5dc /usr/local/openravenscar/lib/gcc-lib/sparc-ork-elf/2.8.1/adalib/libgnarl.a(kernel-threads.o)
                0x02012674                kernel__threads___elabs
                0x02012c14                kernel__threads___init_proc__3
                0x020128e4                kernel_yield
                0x020129e4                kernel_check_no_mutexes
                0x020129f4                kernel_condition_init
                0x02012844                kernel__threads__set_active_priority
                0x020127f8                kernel_set_priority
                0x02012ab8                kernel_condition_signal
                0x02012b18                kernel_thread_create
                0x02012700                kernel__threads__default_dummy_task_function
                0x02012be0                kernel_thread_self
                0x020126b0                kernel__threads__thread_caller
                0x020129fc                kernel_condition_wait
                0x02012710                kernel_initialize
                0x02012984                kernel_mutex_unlock
                0x0201292c                kernel_mutex_lock
                0x02012920                kernel_mutex_init
                0x02012bf0                kernel__threads___elabb
                0x02012c00                kernel__threads___init_proc
                0x02012c0c                kernel__threads___init_proc__2
                0x020128c8                kernel_get_priority
 .text          0x02012c50       0x28 /usr/local/openravenscar/lib/gcc-lib/sparc-ork-elf/2.8.1/adalib/libgnarl.a(kernel-threads-atcb.o)
                0x02012c68                kernel__threads__atcb___elabb
                0x02012c58                kernel__threads__atcb__thread_self_atcb
                0x02012c50                kernel__threads__atcb__set_atcb
 .text          0x02012c78      0x478 /usr/local/openravenscar/lib/gcc-lib/sparc-ork-elf/2.8.1/adalib/libgnarl.a(kernel-threads-queues.o)
                0x02012e90                kernel__threads__queues__insert_alarm
                0x02012d34                kernel__threads__queues__insert_at_tail
                0x02012c90                kernel__threads__queues__insert_at_head
                0x02012f5c                kernel__threads__queues__extract_first_alarm
                0x02012e44                kernel__threads__queues__get_new_thread_descriptor
                0x02013060                kernel__threads__queues___init_proc
                0x02012dd8                kernel__threads__queues__extract_from_ready
                0x02012f88                kernel__threads__queues__get_next_alarm_time
                0x02012fbc                kernel__threads__queues___elabb
                0x02012e20                kernel__threads__queues__next_running
                0x02012c84                kernel__threads__queues__environment_thread_id
                0x02012c78                kernel__threads__queues__dummy_thread_id
 .text          0x020130f0      0x108 /usr/local/openravenscar/lib/gcc-lib/sparc-ork-elf/2.8.1/adalib/libgnarl.a(kernel-threads-protection.o)
                0x02013114                kernel__threads__protection__leave_kernel
                0x020130f0                kernel__threads__protection__dispatch
                0x020131e8                kernel__threads__protection___elabb
                0x02013100                kernel__threads__protection__enter_kernel
 .text          0x020131f8      0x3c4 /usr/local/openravenscar/lib/gcc-lib/sparc-ork-elf/2.8.1/adalib/libgnarl.a(kernel-time.o)
                0x020132b0                kernel_delay_until
                0x020131f8                kernel_clock
                0x0201357c                kernel__time___elabb
 .text          0x020135bc       0x9c /usr/local/openravenscar/lib/gcc-lib/sparc-ork-elf/2.8.1/adalib/libgnarl.a(kernel-memory.o)
                0x02013618                kernel__memory___elabb
                0x020135c4                kernel_new_stack
                0x020135bc                kernel_new_memory_region
 .text          0x02013658       0x88 /usr/local/openravenscar/lib/gcc-lib/sparc-ork-elf/2.8.1/adalib/libgnarl.a(kernel-cpu_primitives.o)
                0x02013658                kernel__cpu_primitives__context_switch
                0x02013664                kernel__cpu_primitives__initialize_context
                0x020136d0                kernel__cpu_primitives___elabb
 .text          0x020136e0       0x44 /usr/local/openravenscar/lib/gcc-lib/sparc-ork-elf/2.8.1/adalib/libgnarl.a(kernel-peripherals-registers.o)
                0x020136e0                kernel__peripherals__registers___elabs
 .text          0x02013724      0x6ac /usr/local/openravenscar/lib/gcc-lib/sparc-ork-elf/2.8.1/adalib/libgnarl.a(kernel-peripherals.o)
                0x02013734                kernel__peripherals__stop_watch_dog
                0x02013724                kernel__peripherals__to_vector
                0x02013750                kernel__peripherals__init_clock
                0x02013d1c                kernel__peripherals___elabb
                0x02013834                kernel__peripherals__cancel_and_set_alarm
                0x02013810                kernel__peripherals__init_board
                0x02013848                kernel__peripherals__set_alarm
                0x020139bc                kernel__peripherals__read_clock
                0x02013a2c                kernel__peripherals__clear_alarm_interrupt
                0x02013c5c                kernel__peripherals__uart_send
                0x02013a34                kernel__peripherals__clear_clock_interrupt
                0x02013b70                kernel__peripherals__init_uart
                0x02013748                kernel__peripherals__memory_configuration
                0x02013a3c                kernel__peripherals__protect_segment
                0x0201372c                kernel__peripherals__priority_of_interrupt
 .text          0x02013dd0       0xe4 /usr/local/openravenscar/lib/gcc-lib/sparc-ork-elf/2.8.1/adalib/libgnarl.a(kernel-serial_output.o)
                0x02013e28                kernel_new_line
                0x02013e3c                kernel_put_line_c
                0x02013de8                kernel__serial_output__put__2
                0x02013dd0                kernel_put_c
                0x02013e58                kernel__serial_output__put_line__2
                0x02013e88                kernel__serial_output___elabb
 .text          0x02013eb4      0x2dc /usr/local/openravenscar/lib/gcc-lib/sparc-ork-elf/2.8.1/adalib/libgnarl.a(context.o)
                0x02014188                exit_from_context_switch
                0x02013eb4                context_switch
                0x02013ec0                context_trap
 .text          0x02014190      0x60c /usr/local/openravenscar/lib/gcc-lib/sparc-ork-elf/2.8.1/adalib/libgnarl.a(install_handler.o)
                0x02014248                set_next_running
                0x02014190                enable_traps
                0x020141f4                install_trap_handler
                0x020141a4                install_int_handler
 .text          0x0201479c       0x34 /usr/local/openravenscar/lib/gcc-lib/sparc-ork-elf/2.8.1/adalib/libgnarl.a(int_level.o)
                0x0201479c                disable_interrupts
                0x020147b4                enable_interrupts
 .text          0x020147d0     0x25c0 /usr/local/openravenscar/lib/gcc-lib/sparc-ork-elf/2.8.1/adalib/libgnat.a(a-except.o)
                0x02016038                ada__exceptions__sdp_table_sort_move
                0x02016198                ada__exceptions__string_to_eid
                0x02015854                __gnat_raise_nodefer_with_msg
                0x02014a00                ada__exceptions__current_target_exception
                0x020159cc                ada__exceptions__raise_from_signal_handler
                0x02014850                ada__exceptions__address_image
                0x02015c50                ada__exceptions__save_occurrence
                0x02016834                __gnat_notify_exception
                0x02015514                ada__exceptions__propagate_exception
                0x02015388                ada__exceptions__exception_name_simple
                0x02015ba4                __gnat_reraise
                0x02015934                __gnat_raise_exception
                0x020147d0                ada__exceptions___elabs
                0x02014958                __gnat_break_start
                0x02014944                ada__exceptions__allocate_machine_state
                0x02014a24                ada__exceptions__deallocate_machine_state
                0x02014cd8                ada__exceptions__exception_information
                0x02015b04                __gnat_raise_storage_error
                0x02014a94                ada__exceptions__eo_to_string
                0x02015f9c                ada__exceptions__sdp_table_sort_lt
                0x02016ca8                ada__exceptions__raise_exception_no_defer
                0x02015294                ada__exceptions__exception_name__2
                0x02016d50                ada__exceptions__zzz
                0x02014840                ada__exceptions__poll
                0x02015b24                ada__exceptions__raise_with_c_msg
                0x020168c8                ada__exceptions__unhandled_exception_terminate
                0x02014a38                ada__exceptions__eid_to_string
                0x02015ce4                ada__exceptions__save_occurrence__2
                0x02015a90                ada__exceptions__raise_with_location
                0x02015a68                ada__exceptions__raise_no_msg
                0x020151d0                ada__exceptions__exception_message
                0x02016068                ada__exceptions__set_exception_c_msg
                0x020162c0                ada__exceptions__string_to_eo
                0x02015ac4                __gnat_raise_constraint_error
                0x02015bdc                ada__exceptions__reraise_occurrence
                0x02016d58                ada__exceptions___elabb
                0x02016d80                ada__exceptions___init_proc
                0x02015358                ada__exceptions__exception_name
                0x02014848                ada__exceptions__aaa
                0x02015c24                ada__exceptions__reraise_occurrence_no_defer
                0x02014af4                ada__exceptions__exception_identity
                0x02015d10                __gnat_SDP_Table_Build
                0x0201682c                __gnat_unhandled_exception
                0x02014960                ada__exceptions__call_chain
                0x02015b58                __gnat_raise_with_msg
                0x02015ae4                __gnat_raise_program_error
 .text          0x02016d90      0x2ec /usr/local/openravenscar/lib/gcc-lib/sparc-ork-elf/2.8.1/adalib/libgnat.a(a-filico.o)
                0x02016ddc                ada__finalization__list_controller___deep_finalize__2
                0x02017048                ada__finalization__list_controller___init_proc__2
                0x0201700c                ada__finalization__list_controller__finalize
                0x02016dcc                ada__finalization__list_controller___size__2
                0x02017024                ada__finalization__list_controller___init_proc
                0x02016fd8                ada__finalization__list_controller__finalize__2
                0x02016e08                ada__finalization__list_controller___elabs
                0x02016d90                ada__finalization__list_controller___size
                0x02016fc0                ada__finalization__list_controller__initialize__2
                0x02016da0                ada__finalization__list_controller___deep_finalize
 .text          0x0201707c      0x560 /usr/local/openravenscar/lib/gcc-lib/sparc-ork-elf/2.8.1/adalib/libgnat.a(a-finali.o)
                0x020172dc                ada__finalization___size__4
                0x0201755c                ada__finalization__initialize
                0x02017574                ada__finalization__Oeq__2
                0x0201759c                ada__finalization___init_proc
                0x020170a4                ada__finalization___write__3
                0x02017594                ada__finalization__finalize__2
                0x0201707c                ada__finalization___size__3
                0x0201708c                ada__finalization___read__3
                0x02017564                ada__finalization__adjust
                0x020175bc                ada__finalization___init_proc__2
                0x02017318                ada__finalization___elabs
                0x0201756c                ada__finalization__finalize
                0x02017288                ada__finalization___deep_adjust
                0x0201758c                ada__finalization__initialize__2
                0x020170bc                ada__finalization___assign__3
                0x020172b0                ada__finalization___deep_finalize
                0x020172ec                ada__finalization___deep_finalize__2
 .text          0x020175dc       0x6c /usr/local/openravenscar/lib/gcc-lib/sparc-ork-elf/2.8.1/adalib/libgnat.a(a-ioexce.o)
                0x020175dc                ada__io_exceptions___elabs
 .text          0x02017648     0x1e98 /usr/local/openravenscar/lib/gcc-lib/sparc-ork-elf/2.8.1/adalib/libgnat.a(a-nuelfu.o)
                0x02019104                ada__numerics__elementary_functions__sinh
                0x02017f8c                ada__numerics__elementary_functions__arcsin
                0x02017d74                ada__numerics__elementary_functions__arccosh
                0x020181b8                ada__numerics__elementary_functions__arcsinh
                0x02017648                ada__numerics__elementary_functions__Oexpon
                0x02017e88                ada__numerics__elementary_functions__arccoth
                0x02017e6c                ada__numerics__elementary_functions__arccot__2
                0x02018060                ada__numerics__elementary_functions__arcsin__2
                0x020183e8                ada__numerics__elementary_functions__arctan__2
                0x02017c08                ada__numerics__elementary_functions__arccos__2
                0x020186e8                ada__numerics__elementary_functions__cos
                0x02019210                ada__numerics__elementary_functions__sqrt
                0x0201931c                ada__numerics__elementary_functions__tan__2
                0x02019008                ada__numerics__elementary_functions__sin__2
                0x02018e98                ada__numerics__elementary_functions__log__2
                0x020188ec                ada__numerics__elementary_functions__cot__2
                0x0201944c                ada__numerics__elementary_functions__tanh
                0x02018a54                ada__numerics__elementary_functions__coth
                0x02018ddc                ada__numerics__elementary_functions__log
                0x02018798                ada__numerics__elementary_functions__cosh
                0x02017e54                ada__numerics__elementary_functions__arccot
                0x020182d8                ada__numerics__elementary_functions__arctan
                0x02018fc0                ada__numerics__elementary_functions__sin
                0x02017b08                ada__numerics__elementary_functions__arccos
                0x02018754                ada__numerics__elementary_functions__cos__2
                0x02019294                ada__numerics__elementary_functions__tan
                0x02018b48                ada__numerics__elementary_functions__exp
                0x02018844                ada__numerics__elementary_functions__cot
                0x0201855c                ada__numerics__elementary_functions__arctanh
 .text          0x020194e0       0x18 /usr/local/openravenscar/lib/gcc-lib/sparc-ork-elf/2.8.1/adalib/libgnat.a(a-numeri.o)
                0x020194e0                ada__numerics___elabs
 .text          0x020194f8       0xc0 /usr/local/openravenscar/lib/gcc-lib/sparc-ork-elf/2.8.1/adalib/libgnat.a(a-stream.o)
                0x02019510                ada__streams___elabs
                0x02019508                ada__streams___deep_finalize
                0x020194f8                ada__streams___size
                0x020195a8                ada__streams___init_proc
 .text          0x020195b8       0x3c /usr/local/openravenscar/lib/gcc-lib/sparc-ork-elf/2.8.1/adalib/libgnat.a(a-string.o)
                0x020195b8                ada__strings___elabs
 .text          0x020195f4      0xa4c /usr/local/openravenscar/lib/gcc-lib/sparc-ork-elf/2.8.1/adalib/libgnat.a(a-strmap.o)
                0x02019734                ada__strings__maps__Oxor
                0x02019ee4                ada__strings__maps__value
                0x02019770                ada__strings__maps__to_set
                0x02019ae4                ada__strings__maps__Osubtract
                0x02019e78                ada__strings__maps__to_set__4
                0x02019ef0                ada__strings__maps__to_domain
                0x02019688                ada__strings__maps__Oand
                0x020196c4                ada__strings__maps__Onot
                0x020195f4                ada__strings__maps___elabs
                0x02019dd0                ada__strings__maps__to_set__3
                0x020196f8                ada__strings__maps__Oor
                0x0201987c                ada__strings__maps__to_set__2
                0x02019d04                ada__strings__maps__to_sequence
                0x02019b24                ada__strings__maps__is_in
                0x02019668                ada__strings__maps__Oeq
                0x0201994c                ada__strings__maps__to_ranges
                0x02019b54                ada__strings__maps__is_subset
                0x02019f98                ada__strings__maps__to_range
                0x02019b88                ada__strings__maps__to_mapping
 .text          0x0201a040     0x6518 /usr/local/openravenscar/lib/gcc-lib/sparc-ork-elf/2.8.1/adalib/libgnat.a(a-strunb.o)
                0x0201eedc                ada__strings__unbounded__index__3
                0x0201b45c                ada__strings__unbounded__Olt
                0x0201c1ec                ada__strings__unbounded__Ogt__2
                0x0201ee44                ada__strings__unbounded__index
                0x0201aa2c                ada__strings__unbounded___deep_finalize__2
                0x0201ebec                ada__strings__unbounded__free
                0x0201eaec                ada__strings__unbounded__element
                0x0201fb38                ada__strings__unbounded__translate__3
                0x0201ba24                ada__strings__unbounded__Ole
                0x0201b200                ada__strings__unbounded__Oeq__3
                0x0201d054                ada__strings__unbounded__Omultiply__3
                0x0201aa58                ada__strings__unbounded___elabs
                0x0201be10                ada__strings__unbounded__Ole__3
                0x0201e44c                ada__strings__unbounded__adjust__2
                0x0201f894                ada__strings__unbounded__tail__2
                0x0201fb78                ada__strings__unbounded__translate__4
                0x0201a83c                ada__strings__unbounded___assign__2
                0x02020524                ada__strings__unbounded___init_proc
                0x0201b82c                ada__strings__unbounded__Olt__3
                0x0201ca4c                ada__strings__unbounded__Omultiply
                0x0201e640                ada__strings__unbounded__append__2
                0x0201ef24                ada__strings__unbounded__initialize__2
                0x0201ffc4                ada__strings__unbounded__to_unbounded_string
                0x0201fb18                ada__strings__unbounded__translate__2
                0x0201e8cc                ada__strings__unbounded__count__3
                0x0201fa38                ada__strings__unbounded__to_string
                0x0201e158                ada__strings__unbounded__Oconcat__5
                0x0201fde8                ada__strings__unbounded__trim__4
                0x0201a040                ada__strings__unbounded___size__2
                0x0201fbf0                ada__strings__unbounded__trim__2
                0x0201aa04                ada__strings__unbounded___deep_adjust__2
                0x0201c9c0                ada__strings__unbounded__Oge__3
                0x0201f478                ada__strings__unbounded__replace_element
                0x0201de30                ada__strings__unbounded__Oconcat__4
                0x0201ee90                ada__strings__unbounded__index__2
                0x0201c010                ada__strings__unbounded__Ogt
                0x0201f180                ada__strings__unbounded__length
                0x0201da98                ada__strings__unbounded__Oconcat__3
                0x0201e884                ada__strings__unbounded__count__2
                0x0201f224                ada__strings__unbounded__overwrite__2
                0x0201ec44                ada__strings__unbounded__head
                0x0201a0c8                ada__strings__unbounded___write__2
                0x0201eca0                ada__strings__unbounded__head__2
                0x0201e514                ada__strings__unbounded__append
                0x0201fad8                ada__strings__unbounded__translate
                0x0201c3e4                ada__strings__unbounded__Ogt__3
                0x0201f550                ada__strings__unbounded__replace_slice__2
                0x0201b0dc                ada__strings__unbounded__Oeq
                0x0201ef34                ada__strings__unbounded__insert
                0x0201e948                ada__strings__unbounded__delete__2
                0x0201cd24                ada__strings__unbounded__Omultiply__2
                0x0201eba4                ada__strings__unbounded__find_token
                0x0201f4cc                ada__strings__unbounded__replace_slice
                0x0201b15c                ada__strings__unbounded__Oeq__2
                0x0201fd8c                ada__strings__unbounded__trim__3
                0x0201bc0c                ada__strings__unbounded__Ole__2
                0x0201f838                ada__strings__unbounded__tail
                0x020202c8                ada__strings__unbounded__to_unbounded_string__2
                0x0201ef04                ada__strings__unbounded__index_non_blank
                0x0201e83c                ada__strings__unbounded__count
                0x0201efb4                ada__strings__unbounded__insert__2
                0x0201fb98                ada__strings__unbounded__trim
                0x0201a278                ada__strings__unbounded___input__2
                0x0201c5d8                ada__strings__unbounded__Oge
                0x0201b638                ada__strings__unbounded__Olt__2
                0x0201a050                ada__strings__unbounded___read__2
                0x0201d39c                ada__strings__unbounded__Oconcat
                0x0201a738                ada__strings__unbounded___output__2
                0x0201c7c0                ada__strings__unbounded__Oge__2
                0x0201f1a4                ada__strings__unbounded__overwrite
                0x0201e8ec                ada__strings__unbounded__delete
                0x0201e75c                ada__strings__unbounded__append__3
                0x0201f724                ada__strings__unbounded__slice
                0x0201eb40                ada__strings__unbounded__finalize__2
                0x0201d728                ada__strings__unbounded__Oconcat__2
 .text          0x02020558      0xaec /usr/local/openravenscar/lib/gcc-lib/sparc-ork-elf/2.8.1/adalib/libgnat.a(a-suteio.o)
                0x02020aac                ada__strings__unbounded__text_io__get_line__2
                0x02020fa0                ada__strings__unbounded__text_io__put__2
                0x0202100c                ada__strings__unbounded__text_io__put_line__2
                0x02020f6c                ada__strings__unbounded__text_io__put
                0x02020fd8                ada__strings__unbounded__text_io__put_line
                0x020205a8                ada__strings__unbounded__text_io__get_line
 .text          0x02021044      0x934 /usr/local/openravenscar/lib/gcc-lib/sparc-ork-elf/2.8.1/adalib/libgnat.a(a-tags.o)
                0x020216ac                ada__tags__length
                0x02021918                ada__tags___init_proc
                0x020211b8                ada__tags__external_tag_htable__removeXn
                0x020217d0                ada__tags__get_rc_offset
                0x020218ec                ada__tags__set_remotely_callable
                0x020218b4                ada__tags__set_prim_op_address
                0x02021894                ada__tags__register_tag
                0x02021834                ada__tags__inherit_tsd
                0x02021044                ada__tags___elabs
                0x020217ac                ada__tags__get_expanded_name
                0x020218c8                ada__tags__set_expanded_name
                0x020217dc                ada__tags__get_remotely_callable
                0x020213d4                ada__tags__expanded_name
                0x0202105c                ada__tags__external_tag_htable__getXn
                0x020217c4                ada__tags__get_inheritance_depth
                0x020217f4                ada__tags__get_tsd
                0x020212b0                ada__tags__external_tag_htable__setXn
                0x0202176c                ada__tags__cw_membership
                0x020217fc                ada__tags__inherit_dt
                0x02021104                ada__tags__external_tag_htable__get_nextXn
                0x020214dc                ada__tags__get_external_tag
                0x02021500                ada__tags__internal_tag
                0x02021920                ada__tags___init_proc__2
                0x02021708                ada__tags___elabb
                0x020218c0                ada__tags__set_tsd
                0x020218d4                ada__tags__set_external_tag
                0x02021324                ada__tags__get_ht_link
                0x020216e0                ada__tags__parent_size
                0x020212ec                ada__tags__equal
                0x020210d0                ada__tags__external_tag_htable__get_firstXn
                0x020218a8                ada__tags__set_inheritance_depth
                0x02021458                ada__tags__external_tag
                0x02021140                ada__tags__external_tag_htable__get_non_nullXn
                0x020217b8                ada__tags__get_prim_op_address
                0x020218e0                ada__tags__set_rc_offset
                0x02021390                ada__tags__hash
                0x02021270                ada__tags__external_tag_htable__resetXn
                0x020213c8                ada__tags__set_ht_link
                0x0202192c                ada__tags__external_tag_htable___init_procXn
 .text          0x02021978     0x227c /usr/local/openravenscar/lib/gcc-lib/sparc-ork-elf/2.8.1/adalib/libgnat.a(a-textio.o)
                0x0202278c                ada__text_io__line_length
                0x020227bc                ada__text_io__look_ahead
                0x02022f54                ada__text_io__read__2
                0x02023360                ada__text_io__set_input
                0x02023510                ada__text_io__set_page_length
                0x020237f0                ada__text_io__skip_page__2
                0x02022718                ada__text_io__get_line__2
                0x02021be4                ada__text_io__afcb_allocate__2
                0x02022dc8                ada__text_io__put_line
                0x02022b68                ada__text_io__page_length
                0x02021cec                ada__text_io__create
                0x02021cbc                ada__text_io__col
                0x02021ddc                ada__text_io__delete
                0x0202337c                ada__text_io__set_line
                0x02022748                ada__text_io__is_open
                0x020219e8                ada__text_io___size__2
                0x02023570                ada__text_io__skip_line
                0x020228c0                ada__text_io__new_line
                0x02022530                ada__text_io__get_immediate__4
                0x02023344                ada__text_io__set_error
                0x02022c24                ada__text_io__put__2
                0x02022434                ada__text_io__get_immediate__2
                0x0202382c                ada__text_io__standard_input__2
                0x02021978                ada__text_io___rep_to_pos
                0x0202275c                ada__text_io__line
                0x0202296c                ada__text_io__new_line__2
                0x02022774                ada__text_io__line__2
                0x0202205c                ada__text_io__flush__2
                0x02023838                ada__text_io__standard_output
                0x0202393c                ada__text_io__write__2
                0x02021ca8                ada__text_io__close
                0x02022a9c                ada__text_io__open
                0x02023844                ada__text_io__standard_output__2
                0x020239f4                ada__text_io___elabb
                0x02023478                ada__text_io__set_line__2
                0x02023814                ada__text_io__standard_error__2
                0x02022d98                ada__text_io__put__4
                0x02021df0                ada__text_io__end_of_file
                0x02023850                ada__text_io__terminate_line
                0x02022a04                ada__text_io__nextc
                0x0202231c                ada__text_io__getc
                0x02023554                ada__text_io__set_page_length__2
                0x02021dc0                ada__text_io__current_output
                0x02022030                ada__text_io__end_of_page__2
                0x02021d88                ada__text_io__current_error
                0x0202287c                ada__text_io__mode
                0x020236e8                ada__text_io__skip_line__2
                0x020219f8                ada__text_io___elabs
                0x02021c30                ada__text_io__afcb_close__2
                0x020229ec                ada__text_io__new_page__2
                0x020221a0                ada__text_io__get__2
                0x02021f70                ada__text_io__end_of_page
                0x020238e4                ada__text_io__ungetc
                0x02021cd4                ada__text_io__col__2
                0x02022840                ada__text_io__look_ahead__2
                0x02022cc8                ada__text_io__put__3
                0x02021f58                ada__text_io__end_of_line__2
                0x0202244c                ada__text_io__get_immediate__3
                0x02022ed8                ada__text_io__put_line__2
                0x02023820                ada__text_io__standard_input
                0x02022380                ada__text_io__get_immediate
                0x02022048                ada__text_io__flush
                0x02023704                ada__text_io__skip_page
                0x02021dcc                ada__text_io__current_output__2
                0x02021da4                ada__text_io__current_input
                0x02023bb0                ada__text_io___init_proc
                0x02021d94                ada__text_io__current_error__2
                0x020234f4                ada__text_io__set_output
                0x02022074                ada__text_io__form
                0x02023150                ada__text_io__reset__2
                0x020227a4                ada__text_io__line_length__2
                0x02022890                ada__text_io__name
                0x020222ec                ada__text_io__get__4
                0x02022b98                ada__text_io__put
                0x02023328                ada__text_io__set_col__2
                0x02021c88                ada__text_io__afcb_free__2
                0x02023808                ada__text_io__standard_error
                0x02022f08                ada__text_io__putc
                0x02021ee8                ada__text_io__end_of_file__2
                0x020230a0                ada__text_io__reset
                0x02021f00                ada__text_io__end_of_line
                0x02022b80                ada__text_io__page_length__2
                0x02021db0                ada__text_io__current_input__2
                0x0202318c                ada__text_io__set_col
                0x020221b8                ada__text_io__get__3
                0x02023494                ada__text_io__set_line_length
                0x020234d8                ada__text_io__set_line_length__2
                0x02022b50                ada__text_io__page__2
                0x02022988                ada__text_io__new_page
                0x020220a4                ada__text_io__get
                0x0202256c                ada__text_io__get_line
                0x02022b38                ada__text_io__page
 .text          0x02023bf4      0x25c /usr/local/openravenscar/lib/gcc-lib/sparc-ork-elf/2.8.1/adalib/libgnat.a(g-except.o)
                0x02023d40                gnat__exceptions___deep_finalize
                0x02023c0c                gnat__exceptions___write
                0x02023c48                gnat__exceptions___output
                0x02023c68                gnat__exceptions___assign
                0x02023c14                gnat__exceptions___input
                0x02023d48                gnat__exceptions___elabs
                0x02023c04                gnat__exceptions___read
                0x02023bf4                gnat__exceptions___size
                0x02023e40                gnat__exceptions___init_proc
                0x02023c60                gnat__exceptions__Oeq
                0x02023d38                gnat__exceptions___deep_adjust
 .text          0x02023e50      0x174 /usr/local/openravenscar/lib/gcc-lib/sparc-ork-elf/2.8.1/adalib/libgnat.a(g-hesora.o)
                0x02023f20                gnat__heap_sort_a__sort
 .text          0x02023fc4      0xc6c /usr/local/openravenscar/lib/gcc-lib/sparc-ork-elf/2.8.1/adalib/libgnat.a(i-c.o)
                0x020248d4                interfaces__c__to_c__4
                0x02024414                interfaces__c__to_ada__6
                0x02024028                interfaces__c__is_nul_terminated__2
                0x02024078                interfaces__c__to_ada
                0x02024080                interfaces__c__to_ada__2
                0x0202453c                interfaces__c__to_c
                0x02023fdc                interfaces__c__is_nul_terminated
                0x02024a88                interfaces__c__to_c__6
                0x020241b4                interfaces__c__to_ada__3
                0x02023fc4                interfaces__c___elabs
                0x0202473c                interfaces__c__to_c__3
                0x020242d4                interfaces__c__to_ada__5
                0x020248dc                interfaces__c__to_c__5
                0x02024544                interfaces__c__to_c__2
                0x020242cc                interfaces__c__to_ada__4
 .text          0x02024c30      0x110 /usr/local/openravenscar/lib/gcc-lib/sparc-ork-elf/2.8.1/adalib/libgnat.a(i-cstrea.o)
                0x02024c30                interfaces__c_streams___elabs
                0x02024cb4                interfaces__c_streams__fread
                0x02024d20                interfaces__c_streams__setvbuf
                0x02024cd4                interfaces__c_streams__fread__2
                0x02024d00                interfaces__c_streams__fwrite
 .text          0x02024d40     0x13b4 /usr/local/openravenscar/lib/gcc-lib/sparc-ork-elf/2.8.1/adalib/libgnat.a(s-arit64.o)
                0x02024e7c                system__arith_64__hi
                0x02025424                system__arith_64__scaled_divide
                0x020253f4                system__arith_64__raise_error
                0x02024df4                system__arith_64__Odivide
                0x02024d68                system__arith_64__Oadd__2
                0x02026020                system__arith_64__subtract_with_ovflo_check
                0x02024d98                system__arith_64__Omultiply
                0x02024e8c                system__arith_64__lo
                0x02024dc8                system__arith_64__Omultiply__2
                0x02024f00                system__arith_64__double_divide
                0x020251f0                system__arith_64__multiply_with_ovflo_check
                0x020260d4                system__arith_64__to_pos_int
                0x02024d40                system__arith_64__Oadd
                0x02024e4c                system__arith_64__Oconcat
                0x0202609c                system__arith_64__to_neg_int
                0x02024e20                system__arith_64__Orem
                0x02024e94                system__arith_64__add_with_ovflo_check
                0x02024d80                system__arith_64__Osubtract
 .text          0x020260f4      0x29c /usr/local/openravenscar/lib/gcc-lib/sparc-ork-elf/2.8.1/adalib/libgnat.a(s-bitops.o)
                0x0202625c                system__bit_ops__bit_not
                0x020260f4                system__bit_ops__bit_and
                0x020262a0                system__bit_ops__bit_or
                0x02026154                system__bit_ops__bit_eq
                0x02026300                system__bit_ops__bit_xor
 .text          0x02026390      0x16c /usr/local/openravenscar/lib/gcc-lib/sparc-ork-elf/2.8.1/adalib/libgnat.a(s-except.o)
                0x020263b4                system__exceptions___init_proc
                0x02026390                system__exceptions___elabs
                0x0202645c                system__exceptions___init_proc__4
                0x020263fc                system__exceptions___init_proc__3
                0x0202649c                system__exceptions___init_proc__5
                0x020263bc                system__exceptions___init_proc__2
 .text          0x020264fc      0x54c /usr/local/openravenscar/lib/gcc-lib/sparc-ork-elf/2.8.1/adalib/libgnat.a(s-exctab.o)
                0x02026810                system__exception_table__get_key
                0x020265a4                system__exception_table__exception_htable__get_nextXn
                0x020267d8                system__exception_table__equal
                0x02026750                system__exception_table__exception_htable__setXn
                0x020269fc                system__exception_table__exception_htable___init_procXn
                0x020264fc                system__exception_table__exception_htable__getXn
                0x02026794                system__exception_table__get_ht_link
                0x02026710                system__exception_table__exception_htable__resetXn
                0x0202678c                system__exception_table__set_ht_link
                0x02026818                system__exception_table__internal_exception
                0x020265e0                system__exception_table__exception_htable__get_non_nullXn
                0x0202679c                system__exception_table__hash
                0x02026570                system__exception_table__exception_htable__get_firstXn
                0x0202694c                system__exception_table___elabb
                0x02026938                system__exception_table__register_exception
                0x02026658                system__exception_table__exception_htable__removeXn
 .text          0x02026a48      0x1c4 /usr/local/openravenscar/lib/gcc-lib/sparc-ork-elf/2.8.1/adalib/libgnat.a(s-exnflt.o)
                0x02026a48                system__exn_flt__exn_float
 .text          0x02026c0c      0xb2c /usr/local/openravenscar/lib/gcc-lib/sparc-ork-elf/2.8.1/adalib/libgnat.a(s-fatflt.o)
                0x020275c0                system__fat_flt__fat_float__truncation
                0x02026d50                system__fat_flt__fat_float__decompose
                0x020270e4                system__fat_flt__fat_float__model
                0x02026fec                system__fat_flt__fat_float__floor
                0x020270f8                system__fat_flt__fat_float__pred
                0x020273c0                system__fat_flt__fat_float__scaling
                0x02027074                system__fat_flt__fat_float__leading_part
                0x02027670                system__fat_flt__fat_float__unbiased_rounding
                0x02026c64                system__fat_flt__fat_float__ceiling
                0x02026cc4                system__fat_flt__fat_float__compose
                0x02026fc4                system__fat_flt__fat_float__exponent
                0x0202704c                system__fat_flt__fat_float__fraction
                0x02026f3c                system__fat_flt__fat_float__gradual_scaling
                0x020271b0                system__fat_flt__fat_float__remainder
                0x02027338                system__fat_flt__fat_float__rounding
                0x02026c0c                system__fat_flt__fat_float__adjacent
                0x020274d8                system__fat_flt__fat_float__succ
                0x02027718                system__fat_flt__fat_float__valid
                0x02026cf4                system__fat_flt__fat_float__copy_sign
                0x020270d0                system__fat_flt__fat_float__machine
 .text          0x02027738      0x1d4 /usr/local/openravenscar/lib/gcc-lib/sparc-ork-elf/2.8.1/adalib/libgnat.a(s-ficobl.o)
                0x020278d8                system__file_control_block___init_proc
                0x02027748                system__file_control_block___elabs
                0x02027738                system__file_control_block___size
 .text          0x0202790c     0x2084 /usr/local/openravenscar/lib/gcc-lib/sparc-ork-elf/2.8.1/adalib/libgnat.a(s-fileio.o)
                0x02027d44                system__file_io__check_file_open
                0x020295f8                system__file_io__make_unbuffered
                0x0202827c                system__file_io__flush
                0x02029980                system__file_io___init_proc__2
                0x020287a4                system__file_io__mode
                0x0202961c                system__file_io__make_line_buffered
                0x02029390                system__file_io__read_buf__2
                0x02027d18                system__file_io___deep_finalize__2
                0x020280bc                system__file_io__delete
                0x02028390                system__file_io__form
                0x02027b24                system__file_io___assign__2
                0x02028214                system__file_io__finalize__2
                0x02029410                system__file_io__reset
                0x020281ac                system__file_io__end_of_file
                0x02027ed4                system__file_io__close
                0x02029664                system__file_io___elabb
                0x02027cf0                system__file_io___deep_adjust__2
                0x02027af4                system__file_io___output__2
                0x020282c4                system__file_io__fopen_mode
                0x020287e0                system__file_io__name
                0x02028798                system__file_io__is_open
                0x02029574                system__file_io__write_buf
                0x02028624                system__file_io__form_parameter
                0x02027e68                system__file_io__check_write_status
                0x02027984                system__file_io___input__2
                0x02028514                system__file_io__form_integer
                0x0202791c                system__file_io___read__2
                0x020288b0                system__file_io__open
                0x02027dd4                system__file_io__chain_file
                0x0202790c                system__file_io___size__2
                0x02027934                system__file_io___write__2
                0x02027b0c                system__file_io__Oeq
                0x02029944                system__file_io___init_proc
                0x02028460                system__file_io__form_boolean
                0x020293f0                system__file_io__reset__2
                0x02027d7c                system__file_io__append_set
                0x02029640                system__file_io__make_buffered
                0x020292d4                system__file_io__read_buf
                0x02027dfc                system__file_io__check_read_status
 .text          0x02029990     0x13dc /usr/local/openravenscar/lib/gcc-lib/sparc-ork-elf/2.8.1/adalib/libgnat.a(s-finimp.o)
                0x0202abb0                system__finalization_implementation__deep_tag_attach
                0x02029bbc                system__finalization_implementation___read__2
                0x0202a210                system__finalization_implementation__detach_from_final_list
                0x02029a54                system__finalization_implementation___output
                0x0202a66c                system__finalization_implementation__finalize_list
                0x02029c88                system__finalization_implementation__Oeq__2
                0x0202ad3c                system__finalization_implementation___init_proc__2
                0x02029ab4                system__finalization_implementation___assign
                0x0202ac68                system__finalization_implementation__initialize__2
                0x0202a074                system__finalization_implementation__attach_to_final_list
                0x0202aa14                system__finalization_implementation__deep_tag_adjust
                0x02029cd0                system__finalization_implementation___assign__2
                0x02029a6c                system__finalization_implementation__Oeq
                0x020299fc                system__finalization_implementation___input
                0x020299d8                system__finalization_implementation___write
                0x0202a924                system__finalization_implementation__deep_tag_initialize
                0x0202ac60                system__finalization_implementation__initialize
                0x0202ad18                system__finalization_implementation___init_proc
                0x02029be0                system__finalization_implementation___write__2
                0x02029dd0                system__finalization_implementation___elabs
                0x02029c70                system__finalization_implementation___output__2
                0x02029c04                system__finalization_implementation___input__2
                0x020299a0                system__finalization_implementation___read
                0x0202a7d8                system__finalization_implementation__finalize_one
                0x0202aae0                system__finalization_implementation__deep_tag_finalize
                0x0202a7b0                system__finalization_implementation__finalize_global_list
                0x0202ad04                system__finalization_implementation__finalize
                0x02029bac                system__finalization_implementation___size__2
                0x0202acd0                system__finalization_implementation__adjust__2
                0x02029990                system__finalization_implementation___size
 .text          0x0202ad6c      0x658 /usr/local/openravenscar/lib/gcc-lib/sparc-ork-elf/2.8.1/adalib/libgnat.a(s-finroo.o)
                0x0202ad6c                system__finalization_root___size
                0x0202b3a0                system__finalization_root___init_proc__2
                0x0202ad7c                system__finalization_root___read
                0x0202b0b4                system__finalization_root___elabs
                0x0202af6c                system__finalization_root__Oeq__2
                0x0202aefc                system__finalization_root___input__2
                0x0202ad84                system__finalization_root___write
                0x0202ad94                system__finalization_root___assign
                0x0202b360                system__finalization_root__finalize
                0x0202af54                system__finalization_root___output__2
                0x0202b300                system__finalization_root__initialize
                0x0202ad8c                system__finalization_root__Oeq
                0x0202ae74                system__finalization_root___read__2
                0x0202aecc                system__finalization_root___write__2
                0x0202ae64                system__finalization_root___size__2
                0x0202b330                system__finalization_root__adjust
                0x0202afc4                system__finalization_root___assign__2
                0x0202b390                system__finalization_root___init_proc
 .text          0x0202b3c4      0x1b4 /usr/local/openravenscar/lib/gcc-lib/sparc-ork-elf/2.8.1/adalib/libgnat.a(s-imgint.o)
                0x0202b500                system__img_int__set_image_integer
                0x0202b3c4                system__img_int__image_integer
 .text          0x0202b578      0xbc8 /usr/local/openravenscar/lib/gcc-lib/sparc-ork-elf/2.8.1/adalib/libgnat.a(s-imgrea.o)
                0x0202b578                system__img_real__image_ordinary_fixed_point
                0x0202bc64                system__img_real__set_image_real
                0x0202b64c                system__img_real__image_floating_point
 .text          0x0202c140      0x160 /usr/local/openravenscar/lib/gcc-lib/sparc-ork-elf/2.8.1/adalib/libgnat.a(s-imguns.o)
                0x0202c140                system__img_uns__image_unsigned
                0x0202c260                system__img_uns__set_image_unsigned
 .text          0x0202c2a0       0x40 /usr/local/openravenscar/lib/gcc-lib/sparc-ork-elf/2.8.1/adalib/libgnat.a(s-mastop.o)
                0x0202c2b8                system__machine_state_operations__get_code_loc
                0x0202c2a0                system__machine_state_operations__allocate_machine_state
                0x0202c2d8                system__machine_state_operations__set_signal_machine_state
                0x0202c2b0                system__machine_state_operations__free_machine_state
                0x0202c2c0                system__machine_state_operations__machine_state_length
                0x0202c2a8                system__machine_state_operations__enter_handler
                0x0202c2d0                system__machine_state_operations__set_machine_state
                0x0202c2c8                system__machine_state_operations__pop_frame
 .text          0x0202c2e0       0x50 /usr/local/openravenscar/lib/gcc-lib/sparc-ork-elf/2.8.1/adalib/libgnat.a(s-parame.o)
                0x0202c2e8                system__parameters__minimum_stack_size
                0x0202c2f0                system__parameters__adjust_storage_size
                0x0202c2e0                system__parameters__default_stack_size
 .text          0x0202c330      0x314 /usr/local/openravenscar/lib/gcc-lib/sparc-ork-elf/2.8.1/adalib/libgnat.a(s-secsta.o)
                0x0202c63c                system__secondary_stack___init_proc__2
                0x0202c5e0                system__secondary_stack___elabb
                0x0202c330                system__secondary_stack__ss_allocate
                0x0202c524                system__secondary_stack__ss_free
                0x0202c5c0                system__secondary_stack__ss_release
                0x0202c5a0                system__secondary_stack__ss_mark
                0x0202c628                system__secondary_stack___init_proc
                0x0202c4c0                system__secondary_stack__ss_init
 .text          0x0202c644      0x1fc /usr/local/openravenscar/lib/gcc-lib/sparc-ork-elf/2.8.1/adalib/libgnat.a(s-sopco3.o)
                0x0202c644                system__string_ops_concat_3__str_concat_3
 .text          0x0202c840      0x1e4 /usr/local/openravenscar/lib/gcc-lib/sparc-ork-elf/2.8.1/adalib/libgnat.a(s-stache.o)
                0x0202c840                system__stack_checking___elabs
                0x0202c858                _gnat_stack_check
                0x0202c9dc                system__stack_checking__set_stack_size
                0x0202ca14                system__stack_checking___init_proc
                0x0202c8e4                system__stack_checking__invalidate_stack_cache
                0x0202ca04                system__stack_checking__update_stack_cache
 .text          0x0202ca24       0x28 /usr/local/openravenscar/lib/gcc-lib/sparc-ork-elf/2.8.1/adalib/libgnat.a(s-stalib.o)
                0x0202ca24                system__standard_library__abort_undefer_direct
                0x0202ca40                system__standard_library___init_proc
 .text          0x0202ca4c       0x64 /usr/local/openravenscar/lib/gcc-lib/sparc-ork-elf/2.8.1/adalib/libgnat.a(s-stoele.o)
                0x0202ca6c                system__storage_elements__Omod
                0x0202caa0                system__storage_elements__to_address
                0x0202ca54                system__storage_elements__Oadd__2
                0x0202ca5c                system__storage_elements__Osubtract
                0x0202ca4c                system__storage_elements__Oadd
                0x0202caa8                system__storage_elements__to_integer
                0x0202ca64                system__storage_elements__Osubtract__2
 .text          0x0202cab0     0x102c /usr/local/openravenscar/lib/gcc-lib/sparc-ork-elf/2.8.1/adalib/libgnat.a(s-stratt.o)
                0x0202d1c8                system__stream_attributes__i_si
                0x0202d480                system__stream_attributes__w_ad
                0x0202cbb8                system__stream_attributes__i_b
                0x0202d574                system__stream_attributes__w_c
                0x0202cd90                system__stream_attributes__i_lf
                0x0202d140                system__stream_attributes__i_sf
                0x0202d9fc                system__stream_attributes__w_su
                0x0202cc1c                system__stream_attributes__i_c
                0x0202cec0                system__stream_attributes__i_llf
                0x0202d308                system__stream_attributes__i_su
                0x0202d010                system__stream_attributes__i_llu
                0x0202d8f8                system__stream_attributes__w_sf
                0x0202d380                system__stream_attributes__i_u
                0x0202da98                system__stream_attributes__w_wc
                0x0202cab0                system__stream_attributes__i_ad
                0x0202da40                system__stream_attributes__w_u
                0x0202d8a0                system__stream_attributes__w_lu
                0x0202d540                system__stream_attributes__w_b
                0x0202d7a8                system__stream_attributes__w_lli
                0x0202d2a4                system__stream_attributes__i_ssu
                0x0202ce38                system__stream_attributes__i_li
                0x0202d994                system__stream_attributes__w_ssi
                0x0202d950                system__stream_attributes__w_si
                0x0202d658                system__stream_attributes__w_lf
                0x0202d240                system__stream_attributes__i_ssi
                0x0202cc80                system__stream_attributes__i_f
                0x0202d6d4                system__stream_attributes__w_li
                0x0202d4f0                system__stream_attributes__w_as
                0x0202d600                system__stream_attributes__w_i
                0x0202cd08                system__stream_attributes__i_i
                0x0202cf68                system__stream_attributes__i_lli
                0x0202d408                system__stream_attributes__i_wc
                0x0202d72c                system__stream_attributes__w_llf
                0x0202d9c8                system__stream_attributes__w_ssu
                0x0202cb28                system__stream_attributes__i_as
                0x0202d5a8                system__stream_attributes__w_f
                0x0202d824                system__stream_attributes__w_llu
                0x0202d0b8                system__stream_attributes__i_lu
 .text          0x0202dadc      0x5b8 /usr/local/openravenscar/lib/gcc-lib/sparc-ork-elf/2.8.1/adalib/libgnat.a(s-strops.o)
                0x0202df00                system__string_ops__str_equal
                0x0202ddd8                system__string_ops__str_concat_sc
                0x0202e010                system__string_ops__str_normalize
                0x0202dadc                system__string_ops__str_concat
                0x0202dcfc                system__string_ops__str_concat_cs
                0x0202e050                system__string_ops__wide_str_normalize
                0x0202dc9c                system__string_ops__str_concat_cc
 .text          0x0202e094      0x298 /usr/local/openravenscar/lib/gcc-lib/sparc-ork-elf/2.8.1/adalib/libgnat.a(s-soflin.o)
                0x0202e1f8                system__soft_links__set_jmpbuf_address_soft
                0x0202e164                system__soft_links__get_stack_info_nt
                0x0202e2c0                system__soft_links___elabb
                0x0202e158                system__soft_links__get_current_excep_nt
                0x0202e268                system__soft_links__set_exc_stack_addr_soft
                0x0202e094                system__soft_links__abort_defer_nt
                0x0202e0c8                system__soft_links__check_abort_status_nt
                0x0202e110                system__soft_links__get_sec_stack_addr_nt
                0x0202e104                system__soft_links__set_jmpbuf_address_nt
                0x0202e0e8                system__soft_links__task_lock_nt
                0x0202e2a4                system__soft_links__set_machine_state_addr_soft
                0x0202e0d8                system__soft_links__current_master_nt
                0x0202e09c                system__soft_links__abort_handler_nt
                0x0202e194                system__soft_links__destroy_tsd
                0x0202e24c                system__soft_links__get_exc_stack_addr_soft
                0x0202e0f8                system__soft_links__get_jmpbuf_address_nt
                0x0202e0a4                system__soft_links__abort_undefer_nt
                0x0202e170                system__soft_links__create_tsd
                0x0202e134                system__soft_links__set_machine_state_addr_nt
                0x0202e11c                system__soft_links__set_sec_stack_addr_nt
                0x0202e0ac                system__soft_links__update_exception_nt
                0x0202e14c                system__soft_links__set_exc_stack_addr_nt
                0x0202e300                system__soft_links___init_proc
                0x0202e1dc                system__soft_links__get_jmpbuf_address_soft
                0x0202e0e0                system__soft_links__enter_master_nt
                0x0202e288                system__soft_links__get_machine_state_addr_soft
                0x0202e230                system__soft_links__set_sec_stack_addr_soft
                0x0202e0f0                system__soft_links__task_unlock_nt
                0x0202e1b8                system__soft_links__get_gnat_exception
                0x0202e214                system__soft_links__get_sec_stack_addr_soft
                0x0202e0d0                system__soft_links__complete_master_nt
                0x0202e128                system__soft_links__get_machine_state_addr_nt
                0x0202e140                system__soft_links__get_exc_stack_addr_nt
 .text          0x0202e32c       0x68 /usr/local/openravenscar/lib/gcc-lib/sparc-ork-elf/2.8.1/adalib/libgnat.a(s-traceb.o)
                0x0202e340                system__traceback__get_code_loc
                0x0202e368                system__traceback__pop_frame
                0x0202e354                system__traceback__free_machine_state
                0x0202e32c                system__traceback__allocate_machine_state
                0x0202e380                system__traceback__set_machine_state
 .text          0x0202e394      0x894 /usr/local/openravenscar/lib/gcc-lib/sparc-ork-elf/2.8.1/adalib/libgnat.a(a-adaint.o)
                0x0202e524                get_object_suffix_ptr
                0x0202e4d0                Get_Default_Identifier_Character_Set
                0x0202e4b8                Get_Maximum_File_Name_Length
                0x0202e4c8                Get_File_Names_Case_Sensitive
                0x0202e740                file_time_name
                0x0202e4e0                Get_Pathsep_Char
                0x0202e5c0                open_read
                0x0202e4d8                Get_Dirsep_Char
                0x0202e7d8                is_regular_file
                0x0202e4c0                Get_Switch_Character
                0x0202e98c                locate_regular_file
                0x0202ebdc                to_canonical_file_list_next
                0x0202ec08                to_host_dir_spec
                0x0202e7b8                __gnat_file_exists
                0x0202e6ac                __gnat_mkdir
                0x0202ec00                to_canonical_path_spec
                0x0202e858                is_writable_file
                0x0202e684                open_new_temp
                0x0202e88c                portable_spawn
                0x0202ebf0                to_canonical_dir_spec
                0x0202e778                get_env_value_ptr
                0x0202e75c                file_time_fd
                0x0202e738                readdir_is_thread_safe
                0x0202e65c                open_new
                0x0202e394                to_gm_time
                0x0202e408                Try_Lock
                0x0202ebf8                to_canonical_file_spec
                0x0202e948                portable_wait
                0x0202ebd4                to_canonical_file_list_init
                0x0202ec20                convert_addresses
                0x0202e558                get_executable_suffix_ptr
                0x0202e818                is_directory
                0x0202e634                open_append
                0x0202e60c                open_create
                0x0202e5e4                open_rw
                0x0202e6c4                file_length
                0x0202e704                readdir_gnat
                0x0202ec18                adjust_os_resource_limits
                0x0202eb18                locate_exec
                0x0202e908                portable_no_block_spawn
                0x0202e978                os_exit
                0x0202e7ac                Get_Libraries_From_Registry
                0x0202ebe8                to_canonical_file_list_free
                0x0202e4e8                Get_Current_Dir
                0x0202ec10                to_host_file_spec
                0x0202eb8c                locate_exec_on_path
                0x0202e58c                get_debuggable_suffix_ptr
 .text          0x0202ec28       0xfc /usr/local/openravenscar/lib/gcc-lib/sparc-ork-elf/2.8.1/adalib/libgnat.a(a-argv.o)
                0x0202ecf0                fill_env
                0x0202ec94                env_count
                0x0202ecd0                len_env
                0x0202ec28                arg_count
                0x0202ec34                gnat_argval
                0x0202ec60                fill_arg
                0x0202ec40                len_arg
 .text          0x0202ed24      0x14c /usr/local/openravenscar/lib/gcc-lib/sparc-ork-elf/2.8.1/adalib/libgnat.a(a-cio.o)
                0x0202ed44                put_int
                0x0202ed60                get_char
                0x0202ed24                get_int
                0x0202ee50                put_char_stderr
                0x0202edb0                put_char
 .text          0x0202ee70      0x10c /usr/local/openravenscar/lib/gcc-lib/sparc-ork-elf/2.8.1/adalib/libgnat.a(a-cstrea.o)
                0x0202ee90                fileno__
                0x0202ef14                full_name
                0x0202eea4                is_regular_file_fd
                0x0202eee4                c_constant_stderr
                0x0202ee70                feof__
                0x0202eef4                c_constant_stdin
                0x0202ee80                ferror__
                0x0202ef04                c_constant_stdout
 .text          0x0202ef7c        0xc /usr/local/openravenscar/lib/gcc-lib/sparc-ork-elf/2.8.1/adalib/libgnat.a(a-exit.o)
                0x0202ef7c                set_gnat_exit_status
 .text          0x0202ef88      0x1f4 /usr/local/openravenscar/lib/gcc-lib/sparc-ork-elf/2.8.1/adalib/libgnat.a(a-raise.o)
                0x0202ef88                _gnat_builtin_longjmp
                0x0202efe0                __gnat_malloc
                0x0202f098                __gnat_free
                0x0202efc8                __gnat_unhandled_terminate
                0x0202f0d4                __gnat_realloc
 .text          0x0202f17c       0xac /usr/local/openravenscar/lib/gcc-lib/sparc-ork-elf/2.8.1/adalib/libgnat.a(a-sysdep.o)
                0x0202f184                set_text_mode
                0x0202f18c                getc_immediate
                0x0202f1b0                getc_immediate_nowait
                0x0202f210                __gnat_localtime_r
                0x0202f17c                set_binary_mode
                0x0202f1d4                getc_immediate_common
 .text          0x0202f228      0x410 /usr/local/openravenscar/lib/gcc-lib/sparc-ork-elf/2.8.1/adalib/libgnat.a(a-init.o)
                0x0202f41c                __gnat_pop_frame
                0x0202f630                __gnat_init_float
                0x0202f228                __gnat_set_globals
                0x0202f628                __gnat_get_code_loc
                0x0202f280                __gnat_initialize
                0x0202f56c                __gnat_enter_handler
                0x0202f620                __gnat_machine_state_length
                0x0202f4c0                __gnat_set_machine_state
 .text          0x0202f638        0x8 /usr/local/openravenscar/lib/gcc-lib/sparc-ork-elf/2.8.1/adalib/libgnat.a(a-final.o)
                0x0202f638                __gnat_finalize
 .text          0x0202f640     0x2760 /usr/local/openravenscar/lib/gcc-lib/sparc-ork-elf/2.8.1/adalib/libgnat.a(a-strfix.o)
                0x0202f710                ada__strings__fixed__index__3
                0x02031550                ada__strings__fixed__translate
                0x0202f98c                ada__strings__fixed__Omultiply__2
                0x0202f6a8                ada__strings__fixed__index__2
                0x020310e8                ada__strings__fixed__replace_slice__2
                0x0202f8e0                ada__strings__fixed__Omultiply
                0x0202faf4                ada__strings__fixed__delete
                0x02031b04                ada__strings__fixed__trim__3
                0x02031624                ada__strings__fixed__translate__2
                0x02031270                ada__strings__fixed__tail
                0x020317c0                ada__strings__fixed__trim
                0x020302b8                ada__strings__fixed__insert__2
                0x02031670                ada__strings__fixed__translate__3